Component: ARM Compiler 5.06 update 3 (build 300) Tool: armlink [4d35c9]

==============================================================================

Section Cross References

    main.o(i.LED_init) refers to main.o(i.nrf_gpio_cfg) for nrf_gpio_cfg
    main.o(i.TIMER2_IRQHandler) refers to main.o(.data) for .data
    main.o(i.advertising_init) refers to memseta.o(.text) for __aeabi_memclr4
    main.o(i.advertising_init) refers to ble_advdata.o(i.ble_advdata_set) for ble_advdata_set
    main.o(i.advertising_init) refers to app_error.o(i.app_error_handler_bare) for app_error_handler_bare
    main.o(i.advertising_init) refers to main.o(.bss) for .bss
    main.o(i.advertising_init) refers to main.o(.data) for .data
    main.o(i.assert_nrf_callback) refers to app_error.o(i.app_error_handler) for app_error_handler
    main.o(i.ble_evt_dispatch) refers to main.o(i.on_ble_evt) for on_ble_evt
    main.o(i.ble_stack_init) refers to softdevice_handler.o(i.softdevice_handler_init) for softdevice_handler_init
    main.o(i.ble_stack_init) refers to app_error.o(i.app_error_handler_bare) for app_error_handler_bare
    main.o(i.ble_stack_init) refers to softdevice_handler.o(i.softdevice_enable_get_default_config) for softdevice_enable_get_default_config
    main.o(i.ble_stack_init) refers to softdevice_handler.o(i.sd_check_ram_start) for sd_check_ram_start
    main.o(i.ble_stack_init) refers to softdevice_handler.o(i.softdevice_enable) for softdevice_enable
    main.o(i.ble_stack_init) refers to softdevice_handler.o(i.softdevice_ble_evt_handler_set) for softdevice_ble_evt_handler_set
    main.o(i.ble_stack_init) refers to main.o(.constdata) for .constdata
    main.o(i.ble_stack_init) refers to main.o(.bss) for .bss
    main.o(i.ble_stack_init) refers to main.o(i.ble_evt_dispatch) for ble_evt_dispatch
    main.o(i.in_pin_handler) refers to nrf_drv_gpiote.o(i.nrf_drv_gpiote_out_toggle) for nrf_drv_gpiote_out_toggle
    main.o(i.in_pin_handler) refers to ble_advdata.o(i.ble_advdata_set) for ble_advdata_set
    main.o(i.in_pin_handler) refers to main.o(.bss) for .bss
    main.o(i.main) refers to app_timer.o(i.app_timer_init) for app_timer_init
    main.o(i.main) refers to app_error.o(i.app_error_handler_bare) for app_error_handler_bare
    main.o(i.main) refers to bsp.o(i.bsp_init) for bsp_init
    main.o(i.main) refers to main.o(i.ble_stack_init) for ble_stack_init
    main.o(i.main) refers to main.o(i.LED_init) for LED_init
    main.o(i.main) refers to main.o(i.start_timer) for start_timer
    main.o(i.main) refers to main.o(i.advertising_init) for advertising_init
    main.o(i.main) refers to bsp.o(i.bsp_indication_set) for bsp_indication_set
    main.o(i.main) refers to segger_rtt_printf.o(i.SEGGER_RTT_printf) for SEGGER_RTT_printf
    main.o(i.main) refers to ble_advdata.o(i.ble_advdata_set) for ble_advdata_set
    main.o(i.main) refers to main.o(.bss) for .bss
    main.o(i.main) refers to main.o(.data) for .data
    main.o(i.on_adv_report) refers to main.o(.data) for .data
    main.o(i.on_ble_evt) refers to app_error.o(i.app_error_handler_bare) for app_error_handler_bare
    main.o(i.on_ble_evt) refers to main.o(i.on_adv_report) for on_adv_report
    main.o(i.on_ble_evt) refers to nrf_log.o(i.log_rtt_printf) for log_rtt_printf
    main.o(i.on_ble_evt) refers to main.o(.constdata) for .constdata
    bsp.o(i.bsp_button_event_handler) refers to app_timer.o(i.app_timer_start) for app_timer_start
    bsp.o(i.bsp_button_event_handler) refers to app_timer.o(i.app_timer_stop) for app_timer_stop
    bsp.o(i.bsp_button_event_handler) refers to bsp.o(.constdata) for .constdata
    bsp.o(i.bsp_button_event_handler) refers to bsp.o(.data) for .data
    bsp.o(i.bsp_button_event_handler) refers to bsp.o(.bss) for .bss
    bsp.o(i.bsp_button_is_pressed) refers to bsp.o(.constdata) for .constdata
    bsp.o(i.bsp_buttons_disable) refers to app_button.o(i.app_button_disable) for app_button_disable
    bsp.o(i.bsp_buttons_enable) refers to app_button.o(i.app_button_enable) for app_button_enable
    bsp.o(i.bsp_buttons_state_get) refers to bsp.o(.constdata) for .constdata
    bsp.o(i.bsp_event_to_button_action_assign) refers to bsp.o(.bss) for .bss
    bsp.o(i.bsp_indication_set) refers to bsp.o(i.bsp_led_indication) for bsp_led_indication
    bsp.o(i.bsp_indication_set) refers to bsp.o(.data) for .data
    bsp.o(i.bsp_indication_text_set) refers to bsp.o(i.bsp_indication_set) for bsp_indication_set
    bsp.o(i.bsp_init) refers to bsp.o(i.bsp_event_to_button_action_assign) for bsp_event_to_button_action_assign
    bsp.o(i.bsp_init) refers to app_button.o(i.app_button_init) for app_button_init
    bsp.o(i.bsp_init) refers to app_button.o(i.app_button_enable) for app_button_enable
    bsp.o(i.bsp_init) refers to app_timer.o(i.app_timer_create) for app_timer_create
    bsp.o(i.bsp_init) refers to bsp.o(.data) for .data
    bsp.o(i.bsp_init) refers to bsp.o(.constdata) for .constdata
[...]
    app_timer.o(i.app_timer_stop_all) refers to app_timer.o(i.user_op_alloc) for user_op_alloc
    app_timer.o(i.app_timer_stop_all) refers to app_timer.o(i.NVIC_SetPendingIRQ) for NVIC_SetPendingIRQ
    app_timer.o(i.app_timer_stop_all) refers to app_timer.o(.data) for .data
    app_timer.o(i.compare_reg_update) refers to app_timer.o(i.NVIC_ClearPendingIRQ) for NVIC_ClearPendingIRQ
    app_timer.o(i.compare_reg_update) refers to app_timer.o(i.NVIC_EnableIRQ) for NVIC_EnableIRQ
    app_timer.o(i.compare_reg_update) refers to app_timer.o(.emb_text) for __asm___11_app_timer_c_cd27f9c3__nrf_delay_us
    app_timer.o(i.compare_reg_update) refers to app_timer.o(i.NVIC_SetPendingIRQ) for NVIC_SetPendingIRQ
    app_timer.o(i.compare_reg_update) refers to app_timer.o(i.rtc1_stop) for rtc1_stop
    app_timer.o(i.compare_reg_update) refers to app_timer.o(.data) for .data
    app_timer.o(i.elapsed_ticks_acquire) refers to app_timer.o(.data) for .data
    app_timer.o(i.list_deletions_handler) refers to app_timer.o(.data) for .data
    app_timer.o(i.list_insertions_handler) refers to app_timer.o(i.timer_list_insert) for timer_list_insert
    app_timer.o(i.list_insertions_handler) refers to app_timer.o(.data) for .data
    app_timer.o(i.rtc1_stop) refers to app_timer.o(.emb_text) for __asm___11_app_timer_c_cd27f9c3__nrf_delay_us
    app_timer.o(i.rtc1_stop) refers to app_timer.o(.data) for .data
    app_timer.o(i.timer_list_handler) refers to app_timer.o(i.elapsed_ticks_acquire) for elapsed_ticks_acquire
    app_timer.o(i.timer_list_handler) refers to app_timer.o(i.list_deletions_handler) for list_deletions_handler
    app_timer.o(i.timer_list_handler) refers to app_timer.o(i.list_insertions_handler) for list_insertions_handler
    app_timer.o(i.timer_list_handler) refers to app_timer.o(i.compare_reg_update) for compare_reg_update
    app_timer.o(i.timer_list_handler) refers to app_timer.o(.data) for .data
    app_timer.o(i.timer_list_insert) refers to app_timer.o(.data) for .data
    app_timer.o(i.timer_timeouts_check) refers to app_error.o(i.app_error_handler_bare) for app_error_handler_bare
    app_timer.o(i.timer_timeouts_check) refers to app_timer.o(i.NVIC_SetPendingIRQ) for NVIC_SetPendingIRQ
    app_timer.o(i.timer_timeouts_check) refers to app_timer.o(.data) for .data
    app_util_platform.o(i.app_util_critical_region_enter) refers to softdevice_handler.o(.bss) for nrf_nvic_state
    app_util_platform.o(i.app_util_critical_region_exit) refers to softdevice_handler.o(.bss) for nrf_nvic_state
    app_util_platform.o(i.app_util_disable_irq) refers to app_util_platform.o(.data) for .data
    app_util_platform.o(i.app_util_enable_irq) refers to app_util_platform.o(.data) for .data
    nrf_log.o(i.log_hex) refers to nrf_log.o(.bss) for .bss
    nrf_log.o(i.log_hex_char) refers to nrf_log.o(.data) for .data
    nrf_log.o(i.log_rtt_init) refers to segger_rtt.o(i.SEGGER_RTT_ConfigUpBuffer) for SEGGER_RTT_ConfigUpBuffer
    nrf_log.o(i.log_rtt_init) refers to segger_rtt.o(i.SEGGER_RTT_ConfigDownBuffer) for SEGGER_RTT_ConfigDownBuffer
    nrf_log.o(i.log_rtt_init) refers to nrf_log.o(.data) for .data
    nrf_log.o(i.log_rtt_init) refers to nrf_log.o(.bss) for .bss
    nrf_log.o(i.log_rtt_printf) refers to segger_rtt_printf.o(i.SEGGER_RTT_vprintf) for SEGGER_RTT_vprintf
    nrf_log.o(i.log_rtt_read_input) refers to segger_rtt.o(i.SEGGER_RTT_Read) for SEGGER_RTT_Read
    nrf_log.o(i.log_rtt_write_hex) refers to segger_rtt.o(i.SEGGER_RTT_WriteString) for SEGGER_RTT_WriteString
    nrf_log.o(i.log_rtt_write_hex_char) refers to segger_rtt.o(i.SEGGER_RTT_WriteString) for SEGGER_RTT_WriteString
    rtt_syscalls_keil.o(i._sys_open) refers to strcmp.o(.text) for strcmp
    rtt_syscalls_keil.o(i._sys_open) refers to rtt_syscalls_keil.o(.constdata) for .constdata
    rtt_syscalls_keil.o(i._sys_write) refers to segger_rtt.o(i.SEGGER_RTT_Write) for SEGGER_RTT_Write
    rtt_syscalls_keil.o(i._ttywrch) refers to fputc.o(i.fputc) for fputc
    rtt_syscalls_keil.o(i._ttywrch) refers to fflush.o(.text) for fflush
    rtt_syscalls_keil.o(i._ttywrch) refers to stdout.o(.data) for __stdout
    segger_rtt.o(i.SEGGER_RTT_ConfigDownBuffer) refers to segger_rtt.o(i._DoInit) for _DoInit
    segger_rtt.o(i.SEGGER_RTT_ConfigDownBuffer) refers to segger_rtt.o(.bss) for .bss
    segger_rtt.o(i.SEGGER_RTT_ConfigUpBuffer) refers to segger_rtt.o(i._DoInit) for _DoInit
    segger_rtt.o(i.SEGGER_RTT_ConfigUpBuffer) refers to segger_rtt.o(.bss) for .bss
    segger_rtt.o(i.SEGGER_RTT_GetKey) refers to segger_rtt.o(i.SEGGER_RTT_Read) for SEGGER_RTT_Read
    segger_rtt.o(i.SEGGER_RTT_HasData) refers to segger_rtt.o(.bss) for .bss
    segger_rtt.o(i.SEGGER_RTT_HasKey) refers to segger_rtt.o(i._DoInit) for _DoInit
    segger_rtt.o(i.SEGGER_RTT_HasKey) refers to segger_rtt.o(.bss) for .bss
    segger_rtt.o(i.SEGGER_RTT_Init) refers to segger_rtt.o(i._DoInit) for _DoInit
    segger_rtt.o(i.SEGGER_RTT_Init) refers to segger_rtt.o(.bss) for .bss
    segger_rtt.o(i.SEGGER_RTT_Read) refers to segger_rtt.o(i.SEGGER_RTT_ReadNoLock) for SEGGER_RTT_ReadNoLock
    segger_rtt.o(i.SEGGER_RTT_ReadNoLock) refers to segger_rtt.o(i._DoInit) for _DoInit
    segger_rtt.o(i.SEGGER_RTT_ReadNoLock) refers to memcpya.o(.text) for __aeabi_memcpy
    segger_rtt.o(i.SEGGER_RTT_ReadNoLock) refers to segger_rtt.o(.bss) for .bss
    segger_rtt.o(i.SEGGER_RTT_SetNameDownBuffer) refers to segger_rtt.o(i._DoInit) for _DoInit
    segger_rtt.o(i.SEGGER_RTT_SetNameDownBuffer) refers to segger_rtt.o(.bss) for .bss
    segger_rtt.o(i.SEGGER_RTT_SetNameUpBuffer) refers to segger_rtt.o(i._DoInit) for _DoInit
    segger_rtt.o(i.SEGGER_RTT_SetNameUpBuffer) refers to segger_rtt.o(.bss) for .bss
    segger_rtt.o(i.SEGGER_RTT_SetTerminal) refers to segger_rtt.o(i._DoInit) for _DoInit
    segger_rtt.o(i.SEGGER_RTT_SetTerminal) refers to segger_rtt.o(i._GetAvailWriteSpace) for _GetAvailWriteSpace
    segger_rtt.o(i.SEGGER_RTT_SetTerminal) refers to segger_rtt.o(i._WriteNoCheck) for _WriteNoCheck
    segger_rtt.o(i.SEGGER_RTT_SetTerminal) refers to segger_rtt.o(i._WriteBlocking) for _WriteBlocking
    segger_rtt.o(i.SEGGER_RTT_SetTerminal) refers to segger_rtt.o(.bss) for .bss
    segger_rtt.o(i.SEGGER_RTT_SetTerminal) refers to segger_rtt.o(.data) for .data
    segger_rtt.o(i.SEGGER_RTT_TerminalOut) refers to segger_rtt.o(i._DoInit) for _DoInit
    segger_rtt.o(i.SEGGER_RTT_TerminalOut) refers to strlen.o(.text) for strlen
    segger_rtt.o(i.SEGGER_RTT_TerminalOut) refers to segger_rtt.o(i._GetAvailWriteSpace) for _GetAvailWriteSpace
    segger_rtt.o(i.SEGGER_RTT_TerminalOut) refers to segger_rtt.o(i._PostTerminalSwitch) for _PostTerminalSwitch
    segger_rtt.o(i.SEGGER_RTT_TerminalOut) refers to segger_rtt.o(i._WriteBlocking) for _WriteBlocking
    segger_rtt.o(i.SEGGER_RTT_TerminalOut) refers to segger_rtt.o(.bss) for .bss
    segger_rtt.o(i.SEGGER_RTT_TerminalOut) refers to segger_rtt.o(.data) for .data
    segger_rtt.o(i.SEGGER_RTT_WaitKey) refers to segger_rtt.o(i.SEGGER_RTT_GetKey) for SEGGER_RTT_GetKey
    segger_rtt.o(i.SEGGER_RTT_Write) refers to segger_rtt.o(i._DoInit) for _DoInit
    segger_rtt.o(i.SEGGER_RTT_Write) refers to segger_rtt.o(i.SEGGER_RTT_WriteNoLock) for SEGGER_RTT_WriteNoLock
    segger_rtt.o(i.SEGGER_RTT_Write) refers to segger_rtt.o(.bss) for .bss
    segger_rtt.o(i.SEGGER_RTT_WriteNoLock) refers to segger_rtt.o(i._GetAvailWriteSpace) for _GetAvailWriteSpace
    segger_rtt.o(i.SEGGER_RTT_WriteNoLock) refers to segger_rtt.o(i._WriteNoCheck) for _WriteNoCheck
    segger_rtt.o(i.SEGGER_RTT_WriteNoLock) refers to segger_rtt.o(i._WriteBlocking) for _WriteBlocking
    segger_rtt.o(i.SEGGER_RTT_WriteNoLock) refers to segger_rtt.o(.bss) for .bss
    segger_rtt.o(i.SEGGER_RTT_WriteSkipNoLock) refers to memcpya.o(.text) for __aeabi_memcpy
    segger_rtt.o(i.SEGGER_RTT_WriteSkipNoLock) refers to segger_rtt.o(.bss) for .bss
    segger_rtt.o(i.SEGGER_RTT_WriteString) refers to strlen.o(.text) for strlen
    segger_rtt.o(i.SEGGER_RTT_WriteString) refers to segger_rtt.o(i.SEGGER_RTT_Write) for SEGGER_RTT_Write
    segger_rtt.o(i._DoInit) refers to strcpy.o(.text) for strcpy
    segger_rtt.o(i._DoInit) refers to segger_rtt.o(.bss) for .bss
    segger_rtt.o(i._PostTerminalSwitch) refers to segger_rtt.o(i._WriteBlocking) for _WriteBlocking
    segger_rtt.o(i._PostTerminalSwitch) refers to segger_rtt.o(.data) for .data
    segger_rtt.o(i._WriteBlocking) refers to memcpya.o(.text) for __aeabi_memcpy
    segger_rtt.o(i._WriteNoCheck) refers to memcpya.o(.text) for __aeabi_memcpy
    segger_rtt_printf.o(i.SEGGER_RTT_printf) refers to segger_rtt_printf.o(i.SEGGER_RTT_vprintf) for SEGGER_RTT_vprintf
    segger_rtt_printf.o(i.SEGGER_RTT_vprintf) refers to segger_rtt_printf.o(i._StoreChar) for _StoreChar
    segger_rtt_printf.o(i.SEGGER_RTT_vprintf) refers to segger_rtt_printf.o(i._PrintInt) for _PrintInt
    segger_rtt_printf.o(i.SEGGER_RTT_vprintf) refers to segger_rtt_printf.o(i._PrintUnsigned) for _PrintUnsigned
    segger_rtt_printf.o(i.SEGGER_RTT_vprintf) refers to segger_rtt.o(i.SEGGER_RTT_Write) for SEGGER_RTT_Write
    segger_rtt_printf.o(i._PrintInt) refers to segger_rtt_printf.o(i._StoreChar) for _StoreChar
    segger_rtt_printf.o(i._PrintInt) refers to segger_rtt_printf.o(i._PrintUnsigned) for _PrintUnsigned
    segger_rtt_printf.o(i._PrintUnsigned) refers to segger_rtt_printf.o(i._StoreChar) for _StoreChar
    segger_rtt_printf.o(i._PrintUnsigned) refers to segger_rtt_printf.o(.constdata) for .constdata
    segger_rtt_printf.o(i._StoreChar) refers to segger_rtt.o(i.SEGGER_RTT_Write) for SEGGER_RTT_Write
    softdevice_handler.o(i.SWI2_EGU2_IRQHandler) refers to app_error.o(i.app_error_handler_bare) for app_error_handler_bare
    softdevice_handler.o(i.SWI2_EGU2_IRQHandler) refers to softdevice_handler.o(i.intern_softdevice_events_execute) for intern_softdevice_events_execute
    softdevice_handler.o(i.SWI2_EGU2_IRQHandler) refers to softdevice_handler.o(.data) for .data
    softdevice_handler.o(i.intern_softdevice_events_execute) refers to app_error.o(i.app_error_handler_bare) for app_error_handler_bare
    softdevice_handler.o(i.intern_softdevice_events_execute) refers to softdevice_handler.o(.data) for .data
    softdevice_handler.o(i.sd_check_ram_start) refers to softdevice_handler.o(i.ram_end_address_get) for ram_end_address_get
    softdevice_handler.o(i.sd_check_ram_start) refers to nrf_log.o(i.log_rtt_printf) for log_rtt_printf
    softdevice_handler.o(i.sd_nvic_EnableIRQ) refers to softdevice_handler.o(.bss) for .bss
    softdevice_handler.o(i.softdevice_ble_evt_handler_set) refers to softdevice_handler.o(.data) for .data
    softdevice_handler.o(i.softdevice_enable) refers to nrf_log.o(i.log_rtt_printf) for log_rtt_printf
    softdevice_handler.o(i.softdevice_enable) refers to softdevice_handler.o(i.ram_end_address_get) for ram_end_address_get
    softdevice_handler.o(i.softdevice_enable_get_default_config) refers to memseta.o(.text) for __aeabi_memclr4
    softdevice_handler.o(i.softdevice_fault_handler) refers to app_error_weak.o(i.app_error_fault_handler) for app_error_fault_handler
    softdevice_handler.o(i.softdevice_handler_init) refers to nrf_log.o(i.log_rtt_init) for log_rtt_init
    softdevice_handler.o(i.softdevice_handler_init) refers to softdevice_handler.o(i.sd_nvic_EnableIRQ) for sd_nvic_EnableIRQ
    softdevice_handler.o(i.softdevice_handler_init) refers to softdevice_handler.o(.data) for .data
    softdevice_handler.o(i.softdevice_handler_init) refers to softdevice_handler.o(i.softdevice_fault_handler) for softdevice_fault_handler
    softdevice_handler.o(i.softdevice_handler_isEnabled) refers to softdevice_handler.o(.data) for .data
    softdevice_handler.o(i.softdevice_handler_sd_disable) refers to softdevice_handler.o(.data) for .data
    softdevice_handler.o(i.softdevice_sys_evt_handler_set) refers to softdevice_handler.o(.data) for .data
    entry.o(.ARM.Collect$$$$00000000) refers (Special) to entry10a.o(.ARM.Collect$$$$0000000D) for __rt_final_cpp
    entry.o(.ARM.Collect$$$$00000000) refers (Special) to entry11a.o(.ARM.Collect$$$$0000000F) for __rt_final_exit
    entry.o(.ARM.Collect$$$$00000000) refers (Special) to entry7b.o(.ARM.Collect$$$$00000008) for _main_clock
    entry.o(.ARM.Collect$$$$00000000) refers (Special) to entry8b.o(.ARM.Collect$$$$0000000A) for _main_cpp_init
    entry.o(.ARM.Collect$$$$00000000) refers (Special) to entry9a.o(.ARM.Collect$$$$0000000B) for _main_init
    entry.o(.ARM.Collect$$$$00000000) refers (Special) to entry5.o(.ARM.Collect$$$$00000004) for _main_scatterload
    entry.o(.ARM.Collect$$$$00000000) refers (Special) to entry2.o(.ARM.Collect$$$$00000001) for _main_stk
    fputc.o(i.fputc) refers (Special) to iusesemip.o(.text) for __I$use$semihosting$fputc
    fputc.o(i.fputc) refers (Special) to semi.o(.text) for __semihosting_library_function
    entry2.o(.ARM.Collect$$$$00000001) refers to entry2.o(.ARM.Collect$$$$00002712) for __lit__00000000
    entry2.o(.ARM.Collect$$$$00002712) refers to arm_startup_nrf52.o(STACK) for __initial_sp
    entry2.o(__vectab_stack_and_reset_area) refers to arm_startup_nrf52.o(STACK) for __initial_sp
    entry2.o(__vectab_stack_and_reset_area) refers to entry.o(.ARM.Collect$$$$00000000) for __main
    entry5.o(.ARM.Collect$$$$00000004) refers to init.o(.text) for __scatterload
    entry9a.o(.ARM.Collect$$$$0000000B) refers to main.o(i.main) for main
    entry9b.o(.ARM.Collect$$$$0000000C) refers to main.o(i.main) for main
    init.o(.text) refers to entry5.o(.ARM.Collect$$$$00000004) for __main_after_scatterload
    nrf_log.o(i.log_rtt_write_string) refers to segger_rtt.o(i.SEGGER_RTT_WriteString) for SEGGER_RTT_WriteString
    nrf_log.o(i.log_rtt_has_input) refers to segger_rtt.o(i.SEGGER_RTT_HasKey) for SEGGER_RTT_HasKey


==============================================================================

Removing Unused input sections from the image.

    Removing main.o(.rev16_text), (4 bytes).
    Removing main.o(.revsh_text), (4 bytes).
    Removing main.o(.rrx_text), (6 bytes).
    Removing main.o(.emb_text), (118 bytes).
    Removing main.o(i.assert_nrf_callback), (16 bytes).
    Removing main.o(i.in_pin_handler), (56 bytes).
    Removing bsp.o(.rev16_text), (4 bytes).
    Removing bsp.o(.revsh_text), (4 bytes).
    Removing bsp.o(.rrx_text), (6 bytes).
    Removing bsp.o(i.bsp_button_is_pressed), (44 bytes).
    Removing bsp.o(i.bsp_buttons_disable), (4 bytes).
    Removing bsp.o(i.bsp_buttons_enable), (4 bytes).
    Removing bsp.o(i.bsp_buttons_state_get), (60 bytes).
    Removing bsp.o(i.bsp_indication_text_set), (4 bytes).
    Removing bsp.o(i.bsp_wakeup_buttons_set), (60 bytes).
    Removing arm_startup_nrf52.o(HEAP), (8192 bytes).
    Removing system_nrf52.o(.rev16_text), (4 bytes).
    Removing system_nrf52.o(.revsh_text), (4 bytes).
    Removing system_nrf52.o(.rrx_text), (6 bytes).
    Removing system_nrf52.o(i.SystemCoreClockUpdate), (16 bytes).
    Removing ble_advdata.o(.rev16_text), (4 bytes).
    Removing ble_advdata.o(.revsh_text), (4 bytes).
    Removing ble_advdata.o(.rrx_text), (6 bytes).
    Removing ble_conn_params.o(.rev16_text), (4 bytes).
    Removing ble_conn_params.o(.revsh_text), (4 bytes).
    Removing ble_conn_params.o(.rrx_text), (6 bytes).
    Removing ble_conn_params.o(i.ble_conn_params_change_conn_params), (76 bytes).
    Removing ble_conn_params.o(i.ble_conn_params_init), (88 bytes).
    Removing ble_conn_params.o(i.ble_conn_params_on_ble_evt), (132 bytes).
    Removing ble_conn_params.o(i.ble_conn_params_stop), (12 bytes).
    Removing ble_conn_params.o(i.conn_params_negotiation), (92 bytes).
    Removing ble_conn_params.o(i.is_conn_params_ok), (28 bytes).
    Removing ble_conn_params.o(i.update_timeout_handler), (96 bytes).
    Removing ble_conn_params.o(.bss), (32 bytes).
    Removing ble_conn_params.o(.bss), (28 bytes).
    Removing ble_conn_params.o(.constdata), (4 bytes).
    Removing ble_conn_params.o(.data), (20 bytes).
    Removing ble_srv_common.o(.rev16_text), (4 bytes).
    Removing ble_srv_common.o(.revsh_text), (4 bytes).
    Removing ble_srv_common.o(.rrx_text), (6 bytes).
    Removing ble_srv_common.o(i.ble_srv_ascii_to_utf8), (18 bytes).
    Removing ble_srv_common.o(i.ble_srv_report_ref_encode), (12 bytes).
    Removing ble_srv_common.o(i.characteristic_add), (394 bytes).
    Removing ble_srv_common.o(i.descriptor_add), (170 bytes).
    Removing ble_srv_common.o(i.set_security_req), (48 bytes).
    Removing app_uart.o(.rev16_text), (4 bytes).
    Removing app_uart.o(.revsh_text), (4 bytes).
    Removing app_uart.o(.rrx_text), (6 bytes).
    Removing app_uart.o(i.app_uart_close), (10 bytes).
    Removing app_uart.o(i.app_uart_flush), (4 bytes).
    Removing app_uart.o(i.app_uart_get), (28 bytes).
    Removing app_uart.o(i.app_uart_init), (132 bytes).
    Removing app_uart.o(i.app_uart_put), (36 bytes).
    Removing app_uart.o(i.uart_event_handler), (88 bytes).
    Removing app_uart.o(.constdata), (32 bytes).
    Removing app_uart.o(.data), (8 bytes).
    Removing nrf_delay.o(.rev16_text), (4 bytes).
    Removing nrf_delay.o(.revsh_text), (4 bytes).
    Removing nrf_delay.o(.rrx_text), (6 bytes).
    Removing nrf_delay.o(.emb_text), (118 bytes).
    Removing nrf_delay.o(i.nrf_delay_ms), (26 bytes).
    Removing nrf_drv_common.o(.rev16_text), (4 bytes).
    Removing nrf_drv_common.o(.revsh_text), (4 bytes).
    Removing nrf_drv_common.o(.rrx_text), (6 bytes).
    Removing nrf_drv_gpiote.o(.rev16_text), (4 bytes).
    Removing nrf_drv_gpiote.o(.revsh_text), (4 bytes).
    Removing nrf_drv_gpiote.o(.rrx_text), (6 bytes).
    Removing nrf_drv_gpiote.o(i.nrf_drv_gpiote_in_event_addr_get), (28 bytes).
    Removing nrf_drv_gpiote.o(i.nrf_drv_gpiote_in_event_disable), (72 bytes).
    Removing nrf_drv_gpiote.o(i.nrf_drv_gpiote_in_uninit), (72 bytes).
    Removing nrf_drv_gpiote.o(i.nrf_drv_gpiote_out_clear), (16 bytes).
    Removing nrf_drv_gpiote.o(i.nrf_drv_gpiote_out_init), (184 bytes).
    Removing nrf_drv_gpiote.o(i.nrf_drv_gpiote_out_set), (16 bytes).
    Removing nrf_drv_gpiote.o(i.nrf_drv_gpiote_out_task_addr_get), (20 bytes).
    Removing nrf_drv_gpiote.o(i.nrf_drv_gpiote_out_task_disable), (36 bytes).
    Removing nrf_drv_gpiote.o(i.nrf_drv_gpiote_out_task_enable), (52 bytes).
    Removing nrf_drv_gpiote.o(i.nrf_drv_gpiote_out_task_force), (40 bytes).
    Removing nrf_drv_gpiote.o(i.nrf_drv_gpiote_out_task_trigger), (24 bytes).
    Removing nrf_drv_gpiote.o(i.nrf_drv_gpiote_out_toggle), (32 bytes).
    Removing nrf_drv_gpiote.o(i.nrf_drv_gpiote_out_uninit), (68 bytes).
    Removing nrf_drv_gpiote.o(i.nrf_drv_gpiote_uninit), (56 bytes).
    Removing nrf_drv_gpiote.o(i.nrf_gpio_cfg_default), (18 bytes).
    Removing nrf_drv_uart.o(.rev16_text), (4 bytes).
    Removing nrf_drv_uart.o(.revsh_text), (4 bytes).
    Removing nrf_drv_uart.o(.rrx_text), (6 bytes).
    Removing nrf_drv_uart.o(i.apply_config), (120 bytes).
    Removing nrf_drv_uart.o(i.nrf_drv_uart_errorsrc_get), (32 bytes).
    Removing nrf_drv_uart.o(i.nrf_drv_uart_init), (148 bytes).
    Removing nrf_drv_uart.o(i.nrf_drv_uart_rx), (140 bytes).
    Removing nrf_drv_uart.o(i.nrf_drv_uart_rx_abort), (32 bytes).
    Removing nrf_drv_uart.o(i.nrf_drv_uart_rx_disable), (28 bytes).
    Removing nrf_drv_uart.o(i.nrf_drv_uart_rx_enable), (32 bytes).
    Removing nrf_drv_uart.o(i.nrf_drv_uart_rx_for_uart), (156 bytes).
    Removing nrf_drv_uart.o(i.nrf_drv_uart_rx_for_uarte), (144 bytes).
    Removing nrf_drv_uart.o(i.nrf_drv_uart_tx), (144 bytes).
    Removing nrf_drv_uart.o(i.nrf_drv_uart_tx_abort), (80 bytes).
    Removing nrf_drv_uart.o(i.nrf_drv_uart_tx_for_uart), (128 bytes).
    Removing nrf_drv_uart.o(i.nrf_drv_uart_tx_in_progress), (16 bytes).
    Removing nrf_drv_uart.o(i.nrf_drv_uart_uninit), (64 bytes).
    Removing nrf_drv_uart.o(i.nrf_gpio_cfg), (34 bytes).
    Removing nrf_drv_uart.o(i.nrf_gpio_cfg_default), (18 bytes).
    Removing nrf_drv_uart.o(i.nrf_gpio_cfg_input), (18 bytes).
    Removing nrf_drv_uart.o(i.nrf_gpio_cfg_output), (20 bytes).
    Removing nrf_drv_uart.o(i.pins_to_default), (84 bytes).
    Removing nrf_drv_uart.o(i.rx_enable), (24 bytes).
    Removing nrf_drv_uart.o(.constdata), (32 bytes).
    Removing app_button.o(.rev16_text), (4 bytes).
    Removing app_button.o(.revsh_text), (4 bytes).
    Removing app_button.o(.rrx_text), (6 bytes).
    Removing app_button.o(i.app_button_disable), (48 bytes).
    Removing app_button.o(i.app_button_is_pushed), (44 bytes).
    Removing app_error.o(.rev16_text), (4 bytes).
    Removing app_error.o(.revsh_text), (4 bytes).
    Removing app_error.o(.rrx_text), (6 bytes).
    Removing app_error.o(i.app_error_handler), (24 bytes).
    Removing app_error.o(i.app_error_save_and_stop), (100 bytes).
    Removing app_error.o(.bss), (32 bytes).
    Removing app_error_weak.o(.rev16_text), (4 bytes).
    Removing app_error_weak.o(.revsh_text), (4 bytes).
    Removing app_error_weak.o(.rrx_text), (6 bytes).
    Removing app_timer.o(.rev16_text), (4 bytes).
    Removing app_timer.o(.revsh_text), (4 bytes).
    Removing app_timer.o(.rrx_text), (6 bytes).
    Removing app_timer.o(i.app_timer_cnt_diff_compute), (12 bytes).
    Removing app_timer.o(i.app_timer_cnt_get), (16 bytes).
    Removing app_timer.o(i.app_timer_stop_all), (72 bytes).
    Removing app_util_platform.o(.rev16_text), (4 bytes).
    Removing app_util_platform.o(.revsh_text), (4 bytes).
    Removing app_util_platform.o(.rrx_text), (6 bytes).
    Removing app_util_platform.o(i.app_util_critical_region_enter), (72 bytes).
    Removing app_util_platform.o(i.app_util_critical_region_exit), (52 bytes).
    Removing app_util_platform.o(i.app_util_disable_irq), (16 bytes).
    Removing app_util_platform.o(i.app_util_enable_irq), (20 bytes).
    Removing app_util_platform.o(.data), (4 bytes).
    Removing nrf_assert.o(.rev16_text), (4 bytes).
    Removing nrf_assert.o(.revsh_text), (4 bytes).
    Removing nrf_assert.o(.rrx_text), (6 bytes).
    Removing nrf_log.o(.rev16_text), (4 bytes).
    Removing nrf_log.o(.revsh_text), (4 bytes).
    Removing nrf_log.o(.rrx_text), (6 bytes).
    Removing nrf_log.o(i.log_hex), (60 bytes).
    Removing nrf_log.o(i.log_hex_char), (52 bytes).
    Removing nrf_log.o(i.log_rtt_read_input), (24 bytes).
    Removing nrf_log.o(i.log_rtt_write_hex), (66 bytes).
    Removing nrf_log.o(i.log_rtt_write_hex_char), (54 bytes).
    Removing rtt_syscalls_keil.o(i._sys_close), (4 bytes).
    Removing rtt_syscalls_keil.o(i._sys_command_string), (2 bytes).
    Removing rtt_syscalls_keil.o(i._sys_ensure), (6 bytes).
    Removing rtt_syscalls_keil.o(i._sys_exit), (2 bytes).
    Removing rtt_syscalls_keil.o(i._sys_flen), (4 bytes).
    Removing rtt_syscalls_keil.o(i._sys_istty), (14 bytes).
    Removing rtt_syscalls_keil.o(i._sys_open), (44 bytes).
    Removing rtt_syscalls_keil.o(i._sys_read), (4 bytes).
    Removing rtt_syscalls_keil.o(i._sys_seek), (4 bytes).
    Removing rtt_syscalls_keil.o(i._sys_tmpnam), (4 bytes).
    Removing rtt_syscalls_keil.o(i._sys_write), (26 bytes).
    Removing rtt_syscalls_keil.o(i._ttywrch), (24 bytes).
    Removing rtt_syscalls_keil.o(.constdata), (6 bytes).
    Removing rtt_syscalls_keil.o(.constdata), (14 bytes).
    Removing segger_rtt.o(i.SEGGER_RTT_GetKey), (28 bytes).
    Removing segger_rtt.o(i.SEGGER_RTT_HasData), (24 bytes).
    Removing segger_rtt.o(i.SEGGER_RTT_HasKey), (32 bytes).
    Removing segger_rtt.o(i.SEGGER_RTT_Init), (20 bytes).
    Removing segger_rtt.o(i.SEGGER_RTT_Read), (4 bytes).
    Removing segger_rtt.o(i.SEGGER_RTT_ReadNoLock), (124 bytes).
    Removing segger_rtt.o(i.SEGGER_RTT_SetNameDownBuffer), (48 bytes).
    Removing segger_rtt.o(i.SEGGER_RTT_SetNameUpBuffer), (48 bytes).
    Removing segger_rtt.o(i.SEGGER_RTT_SetTerminal), (116 bytes).
    Removing segger_rtt.o(i.SEGGER_RTT_TerminalOut), (152 bytes).
    Removing segger_rtt.o(i.SEGGER_RTT_WaitKey), (14 bytes).
    Removing segger_rtt.o(i.SEGGER_RTT_WriteSkipNoLock), (116 bytes).
    Removing segger_rtt.o(i.SEGGER_RTT_WriteString), (26 bytes).
    Removing segger_rtt.o(i._PostTerminalSwitch), (32 bytes).
    Removing segger_rtt.o(.data), (17 bytes).
    Removing softdevice_handler.o(.rev16_text), (4 bytes).
    Removing softdevice_handler.o(.revsh_text), (4 bytes).
    Removing softdevice_handler.o(.rrx_text), (6 bytes).
    Removing softdevice_handler.o(i.softdevice_handler_isEnabled), (12 bytes).
    Removing softdevice_handler.o(i.softdevice_handler_sd_disable), (20 bytes).
    Removing softdevice_handler.o(i.softdevice_sys_evt_handler_set), (20 bytes).
    Removing nrf_log.o(i.log_rtt_write_string), (34 bytes).
    Removing nrf_log.o(i.log_rtt_has_input), (4 bytes).

182 unused section(s) (total 14617 bytes) removed from the image.

==============================================================================

Image Symbol Table

    Local Symbols

    Symbol Name                              Value     Ov Type        Size  Object(Section)

    ../clib/microlib/init/entry.s            0x00000000   Number         0  entry2.o ABSOLUTE
    ../clib/microlib/init/entry.s            0x00000000   Number         0  entry7a.o ABSOLUTE
    ../clib/microlib/init/entry.s            0x00000000   Number         0  entry.o ABSOLUTE
    ../clib/microlib/init/entry.s            0x00000000   Number         0  entry10a.o ABSOLUTE
    ../clib/microlib/init/entry.s            0x00000000   Number         0  entry9b.o ABSOLUTE
    ../clib/microlib/init/entry.s            0x00000000   Number         0  entry10b.o ABSOLUTE
    ../clib/microlib/init/entry.s            0x00000000   Number         0  entry11a.o ABSOLUTE
    ../clib/microlib/init/entry.s            0x00000000   Number         0  entry11b.o ABSOLUTE
    ../clib/microlib/init/entry.s            0x00000000   Number         0  entry9a.o ABSOLUTE
    ../clib/microlib/init/entry.s            0x00000000   Number         0  entry5.o ABSOLUTE
    ../clib/microlib/init/entry.s            0x00000000   Number         0  entry8b.o ABSOLUTE
    ../clib/microlib/init/entry.s            0x00000000   Number         0  entry8a.o ABSOLUTE
    ../clib/microlib/init/entry.s            0x00000000   Number         0  entry7b.o ABSOLUTE
    ../clib/microlib/stdio/fflush.c          0x00000000   Number         0  fflush.o ABSOLUTE
    ../clib/microlib/stdio/fputc.c           0x00000000   Number         0  fputc.o ABSOLUTE
    ../clib/microlib/stdio/semi.s            0x00000000   Number         0  semi.o ABSOLUTE
    ../clib/microlib/stdio/streams.c         0x00000000   Number         0  stdout.o ABSOLUTE
    ../clib/microlib/string/memcpy.c         0x00000000   Number         0  memcpyb.o ABSOLUTE
    ../clib/microlib/string/memcpy.c         0x00000000   Number         0  memcpya.o ABSOLUTE
    ../clib/microlib/string/memset.c         0x00000000   Number         0  memseta.o ABSOLUTE
    ../clib/microlib/string/strcmp.c         0x00000000   Number         0  strcmp.o ABSOLUTE
    ../clib/microlib/string/strcpy.c         0x00000000   Number         0  strcpy.o ABSOLUTE
    ../clib/microlib/string/strlen.c         0x00000000   Number         0  strlen.o ABSOLUTE
    ../clib/microlib/stubs.s                 0x00000000   Number         0  iusesemip.o ABSOLUTE
    ..\..\..\..\..\..\components\ble\common\ble_advdata.c 0x00000000   Number         0  ble_advdata.o ABSOLUTE
    ..\..\..\..\..\..\components\ble\common\ble_conn_params.c 0x00000000   Number         0  ble_conn_params.o ABSOLUTE
    ..\..\..\..\..\..\components\ble\common\ble_srv_common.c 0x00000000   Number         0  ble_srv_common.o ABSOLUTE
    ..\..\..\..\..\..\components\drivers_nrf\common\nrf_drv_common.c 0x00000000   Number         0  nrf_drv_common.o ABSOLUTE
    ..\..\..\..\..\..\components\drivers_nrf\delay\nrf_delay.c 0x00000000   Number         0  nrf_delay.o ABSOLUTE
    ..\..\..\..\..\..\components\drivers_nrf\gpiote\nrf_drv_gpiote.c 0x00000000   Number         0  nrf_drv_gpiote.o ABSOLUTE
    ..\..\..\..\..\..\components\drivers_nrf\uart\nrf_drv_uart.c 0x00000000   Number         0  nrf_drv_uart.o ABSOLUTE
    ..\..\..\..\..\..\components\libraries\button\app_button.c 0x00000000   Number         0  app_button.o ABSOLUTE
    ..\..\..\..\..\..\components\libraries\timer\app_timer.c 0x00000000   Number         0  app_timer.o ABSOLUTE
    ..\..\..\..\..\..\components\libraries\uart\app_uart.c 0x00000000   Number         0  app_uart.o ABSOLUTE
    ..\..\..\..\..\..\components\libraries\uart\retarget.c 0x00000000   Number         0  retarget.o ABSOLUTE
    ..\..\..\..\..\..\components\libraries\util\app_error.c 0x00000000   Number         0  app_error.o ABSOLUTE
    ..\..\..\..\..\..\components\libraries\util\app_error_weak.c 0x00000000   Number         0  app_error_weak.o ABSOLUTE
    ..\..\..\..\..\..\components\libraries\util\app_util_platform.c 0x00000000   Number         0  app_util_platform.o ABSOLUTE
    ..\..\..\..\..\..\components\libraries\util\nrf_assert.c 0x00000000   Number         0  nrf_assert.o ABSOLUTE
    ..\..\..\..\..\..\components\libraries\util\nrf_log.c 0x00000000   Number         0  nrf_log.o ABSOLUTE
    ..\..\..\..\..\..\components\softdevice\common\softdevice_handler\softdevice_handler.c 0x00000000   Number         0  softdevice_handler.o ABSOLUTE
    ..\..\..\..\..\..\components\toolchain\arm\arm_startup_nrf52.s 0x00000000   Number         0  arm_startup_nrf52.o ABSOLUTE
    ..\..\..\..\..\..\components\toolchain\system_nrf52.c 0x00000000   Number         0  system_nrf52.o ABSOLUTE
    ..\..\..\..\..\..\external\segger_rtt\RTT_Syscalls_KEIL.c 0x00000000   Number         0  rtt_syscalls_keil.o ABSOLUTE
    ..\..\..\..\..\..\external\segger_rtt\SEGGER_RTT.c 0x00000000   Number         0  segger_rtt.o ABSOLUTE
    ..\..\..\..\..\..\external\segger_rtt\SEGGER_RTT_printf.c 0x00000000   Number         0  segger_rtt_printf.o ABSOLUTE
    ..\..\..\..\..\bsp\bsp.c                 0x00000000   Number         0  bsp.o ABSOLUTE
    ..\..\..\main.c                          0x00000000   Number         0  main.o ABSOLUTE
    ..\\..\\..\\..\\..\\..\\components\\ble\\common\\ble_advdata.c 0x00000000   Number         0  ble_advdata.o ABSOLUTE
    ..\\..\\..\\..\\..\\..\\components\\ble\\common\\ble_conn_params.c 0x00000000   Number         0  ble_conn_params.o ABSOLUTE
    ..\\..\\..\\..\\..\\..\\components\\ble\\common\\ble_srv_common.c 0x00000000   Number         0  ble_srv_common.o ABSOLUTE
    ..\\..\\..\\..\\..\\..\\components\\drivers_nrf\\common\\nrf_drv_common.c 0x00000000   Number         0  nrf_drv_common.o ABSOLUTE
    ..\\..\\..\\..\\..\\..\\components\\drivers_nrf\\delay\\nrf_delay.c 0x00000000   Number         0  nrf_delay.o ABSOLUTE
    ..\\..\\..\\..\\..\\..\\components\\drivers_nrf\\gpiote\\nrf_drv_gpiote.c 0x00000000   Number         0  nrf_drv_gpiote.o ABSOLUTE
    ..\\..\\..\\..\\..\\..\\components\\drivers_nrf\\uart\\nrf_drv_uart.c 0x00000000   Number         0  nrf_drv_uart.o ABSOLUTE
    ..\\..\\..\\..\\..\\..\\components\\libraries\\button\\app_button.c 0x00000000   Number         0  app_button.o ABSOLUTE
    ..\\..\\..\\..\\..\\..\\components\\libraries\\timer\\app_timer.c 0x00000000   Number         0  app_timer.o ABSOLUTE
    ..\\..\\..\\..\\..\\..\\components\\libraries\\uart\\app_uart.c 0x00000000   Number         0  app_uart.o ABSOLUTE
    ..\\..\\..\\..\\..\\..\\components\\libraries\\util\\app_error.c 0x00000000   Number         0  app_error.o ABSOLUTE
    ..\\..\\..\\..\\..\\..\\components\\libraries\\util\\app_error_weak.c 0x00000000   Number         0  app_error_weak.o ABSOLUTE
    ..\\..\\..\\..\\..\\..\\components\\libraries\\util\\app_util_platform.c 0x00000000   Number         0  app_util_platform.o ABSOLUTE
    ..\\..\\..\\..\\..\\..\\components\\libraries\\util\\nrf_assert.c 0x00000000   Number         0  nrf_assert.o ABSOLUTE
    ..\\..\\..\\..\\..\\..\\components\\libraries\\util\\nrf_log.c 0x00000000   Number         0  nrf_log.o ABSOLUTE
    ..\\..\\..\\..\\..\\..\\components\\softdevice\\common\\softdevice_handler\\softdevice_handler.c 0x00000000   Number         0  softdevice_handler.o ABSOLUTE
    ..\\..\\..\\..\\..\\..\\components\\toolchain\\system_nrf52.c 0x00000000   Number         0  system_nrf52.o ABSOLUTE
    ..\\..\\..\\..\\..\\bsp\\bsp.c           0x00000000   Number         0  bsp.o ABSOLUTE
    ..\\..\\..\\main.c                       0x00000000   Number         0  main.o ABSOLUTE
    dc.s                                     0x00000000   Number         0  dc.o ABSOLUTE
    handlers.s                               0x00000000   Number         0  handlers.o ABSOLUTE
    init.s                                   0x00000000   Number         0  init.o ABSOLUTE
    RESET                                    0x0001c000   Section     1024  arm_startup_nrf52.o(RESET)
    .ARM.Collect$$$$00000000                 0x0001c400   Section        0  entry.o(.ARM.Collect$$$$00000000)
    .ARM.Collect$$$$00000001                 0x0001c400   Section        4  entry2.o(.ARM.Collect$$$$00000001)
    .ARM.Collect$$$$00000004                 0x0001c404   Section        4  entry5.o(.ARM.Collect$$$$00000004)
    .ARM.Collect$$$$00000008                 0x0001c408   Section        0  entry7b.o(.ARM.Collect$$$$00000008)
    .ARM.Collect$$$$0000000A                 0x0001c408   Section        0  entry8b.o(.ARM.Collect$$$$0000000A)
    .ARM.Collect$$$$0000000B                 0x0001c408   Section        8  entry9a.o(.ARM.Collect$$$$0000000B)
    .ARM.Collect$$$$0000000D                 0x0001c410   Section        0  entry10a.o(.ARM.Collect$$$$0000000D)
    .ARM.Collect$$$$0000000F                 0x0001c410   Section        0  entry11a.o(.ARM.Collect$$$$0000000F)
    .ARM.Collect$$$$00002712                 0x0001c410   Section        4  entry2.o(.ARM.Collect$$$$00002712)
    __lit__00000000                          0x0001c410   Data           4  entry2.o(.ARM.Collect$$$$00002712)
    .emb_text                                0x0001c414   Section      118  app_timer.o(.emb_text)
    $v0                                      0x0001c414   Number         0  app_timer.o(.emb_text)
    .text                                    0x0001c48c   Section       36  arm_startup_nrf52.o(.text)
    $v0                                      0x0001c48c   Number         0  arm_startup_nrf52.o(.text)
    .text                                    0x0001c4b0   Section        0  memcpya.o(.text)
    .text                                    0x0001c4d4   Section        0  memseta.o(.text)
    .text                                    0x0001c4f8   Section        0  strcpy.o(.text)
    .text                                    0x0001c50c   Section       36  init.o(.text)
    i.GPIOTE_IRQHandler                      0x0001c530   Section        0  nrf_drv_gpiote.o(i.GPIOTE_IRQHandler)
    i.LED_init                               0x0001c678   Section        0  main.o(i.LED_init)
    i.NVIC_ClearPendingIRQ                   0x0001c6c4   Section        0  app_timer.o(i.NVIC_ClearPendingIRQ)
    NVIC_ClearPendingIRQ                     0x0001c6c5   Thumb Code    22  app_timer.o(i.NVIC_ClearPendingIRQ)
    i.NVIC_EnableIRQ                         0x0001c6da   Section        0  app_timer.o(i.NVIC_EnableIRQ)
    NVIC_EnableIRQ                           0x0001c6db   Thumb Code    22  app_timer.o(i.NVIC_EnableIRQ)
    i.NVIC_SetPendingIRQ                     0x0001c6f0   Section        0  app_timer.o(i.NVIC_SetPendingIRQ)
    NVIC_SetPendingIRQ                       0x0001c6f1   Thumb Code    22  app_timer.o(i.NVIC_SetPendingIRQ)
    i.NVIC_SetPriority                       0x0001c706   Section        0  app_timer.o(i.NVIC_SetPriority)
    NVIC_SetPriority                         0x0001c707   Thumb Code    32  app_timer.o(i.NVIC_SetPriority)
    i.RTC1_IRQHandler                        0x0001c728   Section        0  app_timer.o(i.RTC1_IRQHandler)
    i.SEGGER_RTT_ConfigDownBuffer            0x0001c74c   Section        0  segger_rtt.o(i.SEGGER_RTT_ConfigDownBuffer)
    i.SEGGER_RTT_ConfigUpBuffer              0x0001c79c   Section        0  segger_rtt.o(i.SEGGER_RTT_ConfigUpBuffer)
    i.SEGGER_RTT_Write                       0x0001c7ec   Section        0  segger_rtt.o(i.SEGGER_RTT_Write)
    i.SEGGER_RTT_WriteNoLock                 0x0001c810   Section        0  segger_rtt.o(i.SEGGER_RTT_WriteNoLock)
    i.SEGGER_RTT_printf                      0x0001c86c   Section        0  segger_rtt_printf.o(i.SEGGER_RTT_printf)
    i.SEGGER_RTT_vprintf                     0x0001c882   Section        0  segger_rtt_printf.o(i.SEGGER_RTT_vprintf)
    i.SWI0_EGU0_IRQHandler                   0x0001ca18   Section        0  app_timer.o(i.SWI0_EGU0_IRQHandler)
    i.SWI2_EGU2_IRQHandler                   0x0001ca1c   Section        0  softdevice_handler.o(i.SWI2_EGU2_IRQHandler)
    i.SystemInit                             0x0001ca40   Section        0  system_nrf52.o(i.SystemInit)
    i.TIMER2_IRQHandler                      0x0001ccac   Section        0  main.o(i.TIMER2_IRQHandler)
    i.UARTE0_UART0_IRQHandler                0x0001cd08   Section        0  nrf_drv_uart.o(i.UARTE0_UART0_IRQHandler)
    i._DoInit                                0x0001cd1c   Section        0  segger_rtt.o(i._DoInit)
    _DoInit                                  0x0001cd1d   Thumb Code    76  segger_rtt.o(i._DoInit)
    i._GetAvailWriteSpace                    0x0001cd84   Section        0  segger_rtt.o(i._GetAvailWriteSpace)
    _GetAvailWriteSpace                      0x0001cd85   Thumb Code    22  segger_rtt.o(i._GetAvailWriteSpace)
    i._PrintInt                              0x0001cd9c   Section        0  segger_rtt_printf.o(i._PrintInt)
    _PrintInt                                0x0001cd9d   Thumb Code   198  segger_rtt_printf.o(i._PrintInt)
    i._PrintUnsigned                         0x0001ce64   Section        0  segger_rtt_printf.o(i._PrintUnsigned)
    _PrintUnsigned                           0x0001ce65   Thumb Code   206  segger_rtt_printf.o(i._PrintUnsigned)
    i._StoreChar                             0x0001cf38   Section        0  segger_rtt_printf.o(i._StoreChar)
    _StoreChar                               0x0001cf39   Thumb Code    62  segger_rtt_printf.o(i._StoreChar)
    i._WriteBlocking                         0x0001cf76   Section        0  segger_rtt.o(i._WriteBlocking)
    _WriteBlocking                           0x0001cf77   Thumb Code    90  segger_rtt.o(i._WriteBlocking)
    i._WriteNoCheck                          0x0001cfd0   Section        0  segger_rtt.o(i._WriteNoCheck)
    _WriteNoCheck                            0x0001cfd1   Thumb Code    62  segger_rtt.o(i._WriteNoCheck)
    i.__scatterload_copy                     0x0001d00e   Section       14  handlers.o(i.__scatterload_copy)
    i.__scatterload_null                     0x0001d01c   Section        2  handlers.o(i.__scatterload_null)
    i.__scatterload_zeroinit                 0x0001d01e   Section       14  handlers.o(i.__scatterload_zeroinit)
    i.adv_data_encode                        0x0001d02c   Section        0  ble_advdata.o(i.adv_data_encode)
    i.advertising_init                       0x0001d230   Section        0  main.o(i.advertising_init)
    advertising_init                         0x0001d231   Thumb Code    84  main.o(i.advertising_init)
    i.alert_timer_handler                    0x0001d28c   Section        0  bsp.o(i.alert_timer_handler)
    alert_timer_handler                      0x0001d28d   Thumb Code    26  bsp.o(i.alert_timer_handler)
    i.app_button_enable                      0x0001d2ac   Section        0  app_button.o(i.app_button_enable)
    i.app_button_init                        0x0001d2d0   Section        0  app_button.o(i.app_button_init)
    i.app_error_fault_handler                0x0001d340   Section        0  app_error_weak.o(i.app_error_fault_handler)
    i.app_error_handler_bare                 0x0001d364   Section        0  app_error.o(i.app_error_handler_bare)
    i.app_timer_create                       0x0001d37c   Section        0  app_timer.o(i.app_timer_create)
    i.app_timer_init                         0x0001d3a0   Section        0  app_timer.o(i.app_timer_init)
    i.app_timer_start                        0x0001d430   Section        0  app_timer.o(i.app_timer_start)
    i.app_timer_stop                         0x0001d4b0   Section        0  app_timer.o(i.app_timer_stop)
    i.ble_advdata_set                        0x0001d500   Section        0  ble_advdata.o(i.ble_advdata_set)
    i.ble_device_addr_encode                 0x0001d568   Section        0  ble_advdata.o(i.ble_device_addr_encode)
    ble_device_addr_encode                   0x0001d569   Thumb Code    94  ble_advdata.o(i.ble_device_addr_encode)
    i.ble_evt_dispatch                       0x0001d5c6   Section        0  main.o(i.ble_evt_dispatch)
    ble_evt_dispatch                         0x0001d5c7   Thumb Code     4  main.o(i.ble_evt_dispatch)
    i.ble_stack_init                         0x0001d5cc   Section        0  main.o(i.ble_stack_init)
    ble_stack_init                           0x0001d5cd   Thumb Code    86  main.o(i.ble_stack_init)
    i.bsp_button_event_handler               0x0001d634   Section        0  bsp.o(i.bsp_button_event_handler)
    bsp_button_event_handler                 0x0001d635   Thumb Code   154  bsp.o(i.bsp_button_event_handler)
    i.bsp_event_to_button_action_assign      0x0001d6dc   Section        0  bsp.o(i.bsp_event_to_button_action_assign)
    i.bsp_indication_set                     0x0001d720   Section        0  bsp.o(i.bsp_indication_set)
    i.bsp_init                               0x0001d738   Section        0  bsp.o(i.bsp_init)
    i.bsp_led_indication                     0x0001d7dc   Section        0  bsp.o(i.bsp_led_indication)
    bsp_led_indication                       0x0001d7dd   Thumb Code   536  bsp.o(i.bsp_led_indication)
    i.button_timer_handler                   0x0001da00   Section        0  bsp.o(i.button_timer_handler)
    button_timer_handler                     0x0001da01   Thumb Code     8  bsp.o(i.button_timer_handler)
    i.channel_free                           0x0001da08   Section        0  nrf_drv_gpiote.o(i.channel_free)
    channel_free                             0x0001da09   Thumb Code    22  nrf_drv_gpiote.o(i.channel_free)
    i.channel_port_alloc                     0x0001da24   Section        0  nrf_drv_gpiote.o(i.channel_port_alloc)
    channel_port_alloc                       0x0001da25   Thumb Code    66  nrf_drv_gpiote.o(i.channel_port_alloc)
    i.channel_port_get                       0x0001da6c   Section        0  nrf_drv_gpiote.o(i.channel_port_get)
    channel_port_get                         0x0001da6d   Thumb Code    10  nrf_drv_gpiote.o(i.channel_port_get)
    i.compare_reg_update                     0x0001da7c   Section        0  app_timer.o(i.compare_reg_update)
    compare_reg_update                       0x0001da7d   Thumb Code   160  app_timer.o(i.compare_reg_update)
    i.conn_int_encode                        0x0001db28   Section        0  ble_advdata.o(i.conn_int_encode)
    conn_int_encode                          0x0001db29   Thumb Code   136  ble_advdata.o(i.conn_int_encode)
    i.detection_delay_timeout_handler        0x0001dbb0   Section        0  app_button.o(i.detection_delay_timeout_handler)
    detection_delay_timeout_handler          0x0001dbb1   Thumb Code    92  app_button.o(i.detection_delay_timeout_handler)
    i.elapsed_ticks_acquire                  0x0001dc10   Section        0  app_timer.o(i.elapsed_ticks_acquire)
    elapsed_ticks_acquire                    0x0001dc11   Thumb Code    58  app_timer.o(i.elapsed_ticks_acquire)
    i.gpiote_event_handler                   0x0001dc50   Section        0  app_button.o(i.gpiote_event_handler)
    gpiote_event_handler                     0x0001dc51   Thumb Code    78  app_button.o(i.gpiote_event_handler)
    i.intern_softdevice_events_execute       0x0001dca8   Section        0  softdevice_handler.o(i.intern_softdevice_events_execute)
    i.le_role_encode                         0x0001dd18   Section        0  ble_advdata.o(i.le_role_encode)
    le_role_encode                           0x0001dd19   Thumb Code    84  ble_advdata.o(i.le_role_encode)
    i.leds_timer_handler                     0x0001dd6c   Section        0  bsp.o(i.leds_timer_handler)
    leds_timer_handler                       0x0001dd6d   Thumb Code    16  bsp.o(i.leds_timer_handler)
    i.list_deletions_handler                 0x0001dd80   Section        0  app_timer.o(i.list_deletions_handler)
    list_deletions_handler                   0x0001dd81   Thumb Code   178  app_timer.o(i.list_deletions_handler)
    i.list_insertions_handler                0x0001de3c   Section        0  app_timer.o(i.list_insertions_handler)
    list_insertions_handler                  0x0001de3d   Thumb Code   196  app_timer.o(i.list_insertions_handler)
    i.log_rtt_init                           0x0001df08   Section        0  nrf_log.o(i.log_rtt_init)
    i.log_rtt_printf                         0x0001df5c   Section        0  nrf_log.o(i.log_rtt_printf)
    i.main                                   0x0001df74   Section        0  main.o(i.main)
    i.manuf_specific_data_encode             0x0001e068   Section        0  ble_advdata.o(i.manuf_specific_data_encode)
    manuf_specific_data_encode               0x0001e069   Thumb Code   100  ble_advdata.o(i.manuf_specific_data_encode)
    i.name_encode                            0x0001e0cc   Section        0  ble_advdata.o(i.name_encode)
    name_encode                              0x0001e0cd   Thumb Code   156  ble_advdata.o(i.name_encode)
    i.nrf_drv_common_irq_enable              0x0001e168   Section        0  nrf_drv_common.o(i.nrf_drv_common_irq_enable)
    i.nrf_drv_gpiote_in_event_enable         0x0001e1a0   Section        0  nrf_drv_gpiote.o(i.nrf_drv_gpiote_in_event_enable)
    i.nrf_drv_gpiote_in_init                 0x0001e244   Section        0  nrf_drv_gpiote.o(i.nrf_drv_gpiote_in_init)
    i.nrf_drv_gpiote_in_is_set               0x0001e2fc   Section        0  nrf_drv_gpiote.o(i.nrf_drv_gpiote_in_is_set)
    i.nrf_drv_gpiote_init                    0x0001e310   Section        0  nrf_drv_gpiote.o(i.nrf_drv_gpiote_init)
    i.nrf_drv_gpiote_is_init                 0x0001e364   Section        0  nrf_drv_gpiote.o(i.nrf_drv_gpiote_is_init)
    i.nrf_gpio_cfg                           0x0001e378   Section        0  main.o(i.nrf_gpio_cfg)
    nrf_gpio_cfg                             0x0001e379   Thumb Code    34  main.o(i.nrf_gpio_cfg)
    i.nrf_gpio_cfg                           0x0001e39a   Section        0  nrf_drv_gpiote.o(i.nrf_gpio_cfg)
    nrf_gpio_cfg                             0x0001e39b   Thumb Code    34  nrf_drv_gpiote.o(i.nrf_gpio_cfg)
    i.nrf_gpio_cfg_sense_set                 0x0001e3bc   Section        0  nrf_drv_gpiote.o(i.nrf_gpio_cfg_sense_set)
    nrf_gpio_cfg_sense_set                   0x0001e3bd   Thumb Code    28  nrf_drv_gpiote.o(i.nrf_gpio_cfg_sense_set)
    i.nrf_gpiote_event_clear                 0x0001e3d8   Section        0  nrf_drv_gpiote.o(i.nrf_gpiote_event_clear)
    nrf_gpiote_event_clear                   0x0001e3d9   Thumb Code    16  nrf_drv_gpiote.o(i.nrf_gpiote_event_clear)
    i.nrf_gpiote_event_is_set                0x0001e3ec   Section        0  nrf_drv_gpiote.o(i.nrf_gpiote_event_is_set)
    nrf_gpiote_event_is_set                  0x0001e3ed   Thumb Code    12  nrf_drv_gpiote.o(i.nrf_gpiote_event_is_set)
    i.nrf_uart_event_check                   0x0001e3fc   Section        0  nrf_drv_uart.o(i.nrf_uart_event_check)
    nrf_uart_event_check                     0x0001e3fd   Thumb Code    10  nrf_drv_uart.o(i.nrf_uart_event_check)
    i.nrf_uart_int_enable_check              0x0001e406   Section        0  nrf_drv_uart.o(i.nrf_uart_int_enable_check)
    nrf_uart_int_enable_check                0x0001e407   Thumb Code    12  nrf_drv_uart.o(i.nrf_uart_int_enable_check)
    i.nrf_uarte_event_check                  0x0001e412   Section        0  nrf_drv_uart.o(i.nrf_uarte_event_check)
    nrf_uarte_event_check                    0x0001e413   Thumb Code    10  nrf_drv_uart.o(i.nrf_uarte_event_check)
    i.on_adv_report                          0x0001e41c   Section        0  main.o(i.on_adv_report)
    on_adv_report                            0x0001e41d   Thumb Code    68  main.o(i.on_adv_report)
    i.on_ble_evt                             0x0001e464   Section        0  main.o(i.on_ble_evt)
    on_ble_evt                               0x0001e465   Thumb Code    92  main.o(i.on_ble_evt)
    i.pin_in_use_by_port                     0x0001e4ec   Section        0  nrf_drv_gpiote.o(i.pin_in_use_by_port)
    pin_in_use_by_port                       0x0001e4ed   Thumb Code    20  nrf_drv_gpiote.o(i.pin_in_use_by_port)
    i.pin_in_use_by_te                       0x0001e504   Section        0  nrf_drv_gpiote.o(i.pin_in_use_by_te)
    pin_in_use_by_te                         0x0001e505   Thumb Code    20  nrf_drv_gpiote.o(i.pin_in_use_by_te)
    i.ram_end_address_get                    0x0001e51c   Section        0  softdevice_handler.o(i.ram_end_address_get)
    ram_end_address_get                      0x0001e51d   Thumb Code    16  softdevice_handler.o(i.ram_end_address_get)
    i.rtc1_stop                              0x0001e52c   Section        0  app_timer.o(i.rtc1_stop)
    rtc1_stop                                0x0001e52d   Thumb Code    52  app_timer.o(i.rtc1_stop)
    i.rx_byte                                0x0001e568   Section        0  nrf_drv_uart.o(i.rx_byte)
    rx_byte                                  0x0001e569   Thumb Code    38  nrf_drv_uart.o(i.rx_byte)
    i.rx_done_event                          0x0001e598   Section        0  nrf_drv_uart.o(i.rx_done_event)
    rx_done_event                            0x0001e599   Thumb Code    26  nrf_drv_uart.o(i.rx_done_event)
    i.sd_check_ram_start                     0x0001e5b8   Section        0  softdevice_handler.o(i.sd_check_ram_start)
    i.sd_nvic_EnableIRQ                      0x0001e644   Section        0  softdevice_handler.o(i.sd_nvic_EnableIRQ)
    sd_nvic_EnableIRQ                        0x0001e645   Thumb Code   128  softdevice_handler.o(i.sd_nvic_EnableIRQ)
    i.service_data_encode                    0x0001e6cc   Section        0  ble_advdata.o(i.service_data_encode)
    service_data_encode                      0x0001e6cd   Thumb Code   136  ble_advdata.o(i.service_data_encode)
    i.softdevice_ble_evt_handler_set         0x0001e754   Section        0  softdevice_handler.o(i.softdevice_ble_evt_handler_set)
    i.softdevice_enable                      0x0001e768   Section        0  softdevice_handler.o(i.softdevice_enable)
    i.softdevice_enable_get_default_config   0x0001e864   Section        0  softdevice_handler.o(i.softdevice_enable_get_default_config)
    i.softdevice_fault_handler               0x0001e88a   Section        0  softdevice_handler.o(i.softdevice_fault_handler)
    i.softdevice_handler_init                0x0001e890   Section        0  softdevice_handler.o(i.softdevice_handler_init)
    i.start_timer                            0x0001e8dc   Section        0  main.o(i.start_timer)
    i.timer_list_handler                     0x0001e92c   Section        0  app_timer.o(i.timer_list_handler)
    timer_list_handler                       0x0001e92d   Thumb Code   134  app_timer.o(i.timer_list_handler)
    i.timer_list_insert                      0x0001e9b8   Section        0  app_timer.o(i.timer_list_insert)
    timer_list_insert                        0x0001e9b9   Thumb Code    56  app_timer.o(i.timer_list_insert)
    i.timer_timeouts_check                   0x0001e9f4   Section        0  app_timer.o(i.timer_timeouts_check)
    timer_timeouts_check                     0x0001e9f5   Thumb Code   124  app_timer.o(i.timer_timeouts_check)
    i.tx_byte                                0x0001ea78   Section        0  nrf_drv_uart.o(i.tx_byte)
    tx_byte                                  0x0001ea79   Thumb Code    28  nrf_drv_uart.o(i.tx_byte)
    i.tx_done_event                          0x0001ea9c   Section        0  nrf_drv_uart.o(i.tx_done_event)
    tx_done_event                            0x0001ea9d   Thumb Code    30  nrf_drv_uart.o(i.tx_done_event)
    i.uart_irq_handler                       0x0001eac0   Section        0  nrf_drv_uart.o(i.uart_irq_handler)
    uart_irq_handler                         0x0001eac1   Thumb Code   254  nrf_drv_uart.o(i.uart_irq_handler)
    i.uarte_irq_handler                      0x0001ebc8   Section        0  nrf_drv_uart.o(i.uarte_irq_handler)
    uarte_irq_handler                        0x0001ebc9   Thumb Code   206  nrf_drv_uart.o(i.uarte_irq_handler)
    i.uint16_encode                          0x0001eca0   Section        0  ble_advdata.o(i.uint16_encode)
    uint16_encode                            0x0001eca1   Thumb Code    10  ble_advdata.o(i.uint16_encode)
    i.user_id_get                            0x0001ecaa   Section        0  app_timer.o(i.user_id_get)
    user_id_get                              0x0001ecab   Thumb Code    62  app_timer.o(i.user_id_get)
    i.user_op_alloc                          0x0001ece8   Section        0  app_timer.o(i.user_op_alloc)
    user_op_alloc                            0x0001ece9   Thumb Code    40  app_timer.o(i.user_op_alloc)
    i.uuid_list_encode                       0x0001ed10   Section        0  ble_advdata.o(i.uuid_list_encode)
    uuid_list_encode                         0x0001ed11   Thumb Code    48  ble_advdata.o(i.uuid_list_encode)
    i.uuid_list_sized_encode                 0x0001ed40   Section        0  ble_advdata.o(i.uuid_list_sized_encode)
    uuid_list_sized_encode                   0x0001ed41   Thumb Code   158  ble_advdata.o(i.uuid_list_sized_encode)
    .constdata                               0x0001ede0   Section       20  main.o(.constdata)
    m_scan_param                             0x0001ede4   Data          16  main.o(.constdata)
    .constdata                               0x0001edf4   Section       60  bsp.o(.constdata)
    m_leds_timer_id                          0x0001edf4   Data           4  bsp.o(.constdata)
    m_alert_timer_id                         0x0001edf8   Data           4  bsp.o(.constdata)
    m_button_timer_id                        0x0001edfc   Data           4  bsp.o(.constdata)
    m_buttons_list                           0x0001ee00   Data          16  bsp.o(.constdata)
    app_buttons                              0x0001ee10   Data          32  bsp.o(.constdata)
    .constdata                               0x0001ee30   Section        8  app_button.o(.constdata)
    m_detection_delay_timer_id               0x0001ee30   Data           4  app_button.o(.constdata)
    .constdata                               0x0001ee38   Section       16  segger_rtt_printf.o(.constdata)
    _aV2C                                    0x0001ee38   Data          16  segger_rtt_printf.o(.constdata)
    .data                                    0x20001870   Section       43  main.o(.data)
    m_beacon_info                            0x20001884   Data          23  main.o(.data)
    .data                                    0x2000189c   Section       24  bsp.o(.data)
    m_stable_state                           0x2000189c   Data           1  bsp.o(.data)
    current_long_push_pin_no                 0x2000189d   Data           1  bsp.o(.data)
    m_app_ticks_per_100ms                    0x200018a0   Data           4  bsp.o(.data)
    m_indication_type                        0x200018a4   Data           4  bsp.o(.data)
    m_alert_mask                             0x200018a8   Data           4  bsp.o(.data)
    m_registered_callback                    0x200018ac   Data           4  bsp.o(.data)
    release_event_at_push                    0x200018b0   Data           4  bsp.o(.data)
    .data                                    0x200018b4   Section        4  system_nrf52.o(.data)
    __tagsym$$used                           0x200018b4   Number         0  system_nrf52.o(.data)
    .data                                    0x200018b8   Section       20  app_button.o(.data)
    m_button_count                           0x200018b8   Data           1  app_button.o(.data)
    mp_buttons                               0x200018bc   Data           4  app_button.o(.data)
    m_detection_delay                        0x200018c0   Data           4  app_button.o(.data)
    m_pin_state                              0x200018c4   Data           4  app_button.o(.data)
    m_pin_transition                         0x200018c8   Data           4  app_button.o(.data)
    .data                                    0x200018cc   Section       32  app_timer.o(.data)
    m_user_array_size                        0x200018cc   Data           1  app_timer.o(.data)
    m_ticks_elapsed_q_read_ind               0x200018cd   Data           1  app_timer.o(.data)
    m_ticks_elapsed_q_write_ind              0x200018ce   Data           1  app_timer.o(.data)
    m_rtc1_running                           0x200018cf   Data           1  app_timer.o(.data)
    m_rtc1_reset                             0x200018d0   Data           1  app_timer.o(.data)
    mp_users                                 0x200018d4   Data           4  app_timer.o(.data)
    mp_timer_id_head                         0x200018d8   Data           4  app_timer.o(.data)
    m_ticks_latest                           0x200018dc   Data           4  app_timer.o(.data)
    m_evt_schedule_func                      0x200018e0   Data           4  app_timer.o(.data)
    m_ticks_elapsed                          0x200018e4   Data           8  app_timer.o(.data)
    .data                                    0x200018ec   Section        4  nrf_log.o(.data)
    initialized                              0x200018ec   Data           1  nrf_log.o(.data)
    hex_string                               0x200018ed   Data           3  nrf_log.o(.data)
    .data                                    0x200018f0   Section       20  softdevice_handler.o(.data)
    m_softdevice_enabled                     0x200018f0   Data           1  softdevice_handler.o(.data)
    m_ble_evt_buffer_size                    0x200018f2   Data           2  softdevice_handler.o(.data)
    m_evt_schedule_func                      0x200018f4   Data           4  softdevice_handler.o(.data)
    mp_ble_evt_buffer                        0x200018f8   Data           4  softdevice_handler.o(.data)
    m_ble_evt_handler                        0x200018fc   Data           4  softdevice_handler.o(.data)
    m_sys_evt_handler                        0x20001900   Data           4  softdevice_handler.o(.data)
    .bss                                     0x20001904   Section      620  main.o(.bss)
    BLE_EVT_BUFFER                           0x20001904   Data          72  main.o(.bss)
    APP_TIMER_BUF                            0x2000194c   Data         456  main.o(.bss)
    m_adv_params                             0x20001b58   Data          24  main.o(.bss)
    .bss                                     0x20001b70   Section       32  bsp.o(.bss)
    m_leds_timer_id_data                     0x20001b70   Data          32  bsp.o(.bss)
    .bss                                     0x20001b90   Section       32  bsp.o(.bss)
    m_alert_timer_id_data                    0x20001b90   Data          32  bsp.o(.bss)
    .bss                                     0x20001bb0   Section       12  bsp.o(.bss)
    m_events_list                            0x20001bb0   Data          12  bsp.o(.bss)
    .bss                                     0x20001bbc   Section       32  bsp.o(.bss)
    m_button_timer_id_data                   0x20001bbc   Data          32  bsp.o(.bss)
    .bss                                     0x20001bdc   Section       88  nrf_drv_gpiote.o(.bss)
    m_cb                                     0x20001bdc   Data          88  nrf_drv_gpiote.o(.bss)
    .bss                                     0x20001c34   Section       32  nrf_drv_uart.o(.bss)
    m_cb                                     0x20001c34   Data          32  nrf_drv_uart.o(.bss)
    .bss                                     0x20001c54   Section       32  app_button.o(.bss)
    m_detection_delay_timer_id_data          0x20001c54   Data          32  app_button.o(.bss)
    .bss                                     0x20001c74   Section     1051  nrf_log.o(.bss)
    hex_string                               0x20001c74   Data          11  nrf_log.o(.bss)
    buf_normal_up                            0x20001c7f   Data        1024  nrf_log.o(.bss)
    buf_down                                 0x2000207f   Data          16  nrf_log.o(.bss)
    .bss                                     0x20002090   Section     1160  segger_rtt.o(.bss)
    _acUpBuffer                              0x20002090   Data        1024  segger_rtt.o(.bss)
    _acDownBuffer                            0x20002490   Data          16  segger_rtt.o(.bss)
    .bss                                     0x20002518   Section       12  softdevice_handler.o(.bss)
    STACK                                    0x20002528   Section     8192  arm_startup_nrf52.o(STACK)

    Global Symbols

    Symbol Name                              Value     Ov Type        Size  Object(Section)

    BuildAttributes$$THM_ISAv4$E$P$D$K$B$S$7EM$VFPi3$EXTD16$VFPS$VFMA$PE$A:L22UL41UL21$X:L11$S22US41US21$IEEE1$IW$USESV6$~STKCKD$USESV7$~SHL$OSPACE$EBA8$MICROLIB$REQ8$PRES8$EABIv2 0x00000000   Number         0  anon$$obj.o ABSOLUTE
    __ARM_use_no_argv                        0x00000000   Number         0  main.o ABSOLUTE
    __cpp_initialize__aeabi_                  - Undefined Weak Reference
    __cxa_finalize                            - Undefined Weak Reference
    __decompress                              - Undefined Weak Reference
    _clock_init                               - Undefined Weak Reference
    _microlib_exit                            - Undefined Weak Reference
    __Vectors_Size                           0x00000400   Number         0  arm_startup_nrf52.o ABSOLUTE
    __Vectors                                0x0001c000   Data           4  arm_startup_nrf52.o(RESET)
    __Vectors_End                            0x0001c400   Data           0  arm_startup_nrf52.o(RESET)
    __main                                   0x0001c401   Thumb Code     0  entry.o(.ARM.Collect$$$$00000000)
    _main_stk                                0x0001c401   Thumb Code     0  entry2.o(.ARM.Collect$$$$00000001)
    _main_scatterload                        0x0001c405   Thumb Code     0  entry5.o(.ARM.Collect$$$$00000004)
    __main_after_scatterload                 0x0001c409   Thumb Code     0  entry5.o(.ARM.Collect$$$$00000004)
    _main_clock                              0x0001c409   Thumb Code     0  entry7b.o(.ARM.Collect$$$$00000008)
    _main_cpp_init                           0x0001c409   Thumb Code     0  entry8b.o(.ARM.Collect$$$$0000000A)
    _main_init                               0x0001c409   Thumb Code     0  entry9a.o(.ARM.Collect$$$$0000000B)
    __rt_final_cpp                           0x0001c411   Thumb Code     0  entry10a.o(.ARM.Collect$$$$0000000D)
    __rt_final_exit                          0x0001c411   Thumb Code     0  entry11a.o(.ARM.Collect$$$$0000000F)
    __asm___11_app_timer_c_cd27f9c3__nrf_delay_us 0x0001c415   Thumb Code   118  app_timer.o(.emb_text)
    Reset_Handler                            0x0001c48d   Thumb Code     8  arm_startup_nrf52.o(.text)
    NMI_Handler                              0x0001c495   Thumb Code     2  arm_startup_nrf52.o(.text)
    HardFault_Handler                        0x0001c497   Thumb Code     2  arm_startup_nrf52.o(.text)
    MemoryManagement_Handler                 0x0001c499   Thumb Code     2  arm_startup_nrf52.o(.text)
    BusFault_Handler                         0x0001c49b   Thumb Code     2  arm_startup_nrf52.o(.text)
    UsageFault_Handler                       0x0001c49d   Thumb Code     2  arm_startup_nrf52.o(.text)
    SVC_Handler                              0x0001c49f   Thumb Code     2  arm_startup_nrf52.o(.text)
    DebugMonitor_Handler                     0x0001c4a1   Thumb Code     2  arm_startup_nrf52.o(.text)
    PendSV_Handler                           0x0001c4a3   Thumb Code     2  arm_startup_nrf52.o(.text)
    SysTick_Handler                          0x0001c4a5   Thumb Code     2  arm_startup_nrf52.o(.text)
    CCM_AAR_IRQHandler                       0x0001c4a7   Thumb Code     0  arm_startup_nrf52.o(.text)
    COMP_LPCOMP_IRQHandler                   0x0001c4a7   Thumb Code     0  arm_startup_nrf52.o(.text)
    ECB_IRQHandler                           0x0001c4a7   Thumb Code     0  arm_startup_nrf52.o(.text)
    FPU_IRQHandler                           0x0001c4a7   Thumb Code     0  arm_startup_nrf52.o(.text)
    I2S_IRQHandler                           0x0001c4a7   Thumb Code     0  arm_startup_nrf52.o(.text)
    MWU_IRQHandler                           0x0001c4a7   Thumb Code     0  arm_startup_nrf52.o(.text)
    NFCT_IRQHandler                          0x0001c4a7   Thumb Code     0  arm_startup_nrf52.o(.text)
    PDM_IRQHandler                           0x0001c4a7   Thumb Code     0  arm_startup_nrf52.o(.text)
    POWER_CLOCK_IRQHandler                   0x0001c4a7   Thumb Code     0  arm_startup_nrf52.o(.text)
    PWM0_IRQHandler                          0x0001c4a7   Thumb Code     0  arm_startup_nrf52.o(.text)
    PWM1_IRQHandler                          0x0001c4a7   Thumb Code     0  arm_startup_nrf52.o(.text)
    PWM2_IRQHandler                          0x0001c4a7   Thumb Code     0  arm_startup_nrf52.o(.text)
    QDEC_IRQHandler                          0x0001c4a7   Thumb Code     0  arm_startup_nrf52.o(.text)
    RADIO_IRQHandler                         0x0001c4a7   Thumb Code     0  arm_startup_nrf52.o(.text)
    RNG_IRQHandler                           0x0001c4a7   Thumb Code     0  arm_startup_nrf52.o(.text)
    RTC0_IRQHandler                          0x0001c4a7   Thumb Code     0  arm_startup_nrf52.o(.text)
    RTC2_IRQHandler                          0x0001c4a7   Thumb Code     0  arm_startup_nrf52.o(.text)
    SAADC_IRQHandler                         0x0001c4a7   Thumb Code     0  arm_startup_nrf52.o(.text)
    SPIM0_SPIS0_TWIM0_TWIS0_SPI0_TWI0_IRQHandler 0x0001c4a7   Thumb Code     0  arm_startup_nrf52.o(.text)
    SPIM1_SPIS1_TWIM1_TWIS1_SPI1_TWI1_IRQHandler 0x0001c4a7   Thumb Code     0  arm_startup_nrf52.o(.text)
    SPIM2_SPIS2_SPI2_IRQHandler              0x0001c4a7   Thumb Code     0  arm_startup_nrf52.o(.text)
    SWI1_EGU1_IRQHandler                     0x0001c4a7   Thumb Code     0  arm_startup_nrf52.o(.text)
    SWI3_EGU3_IRQHandler                     0x0001c4a7   Thumb Code     0  arm_startup_nrf52.o(.text)
    SWI4_EGU4_IRQHandler                     0x0001c4a7   Thumb Code     0  arm_startup_nrf52.o(.text)
    SWI5_EGU5_IRQHandler                     0x0001c4a7   Thumb Code     0  arm_startup_nrf52.o(.text)
    TEMP_IRQHandler                          0x0001c4a7   Thumb Code     0  arm_startup_nrf52.o(.text)
    TIMER0_IRQHandler                        0x0001c4a7   Thumb Code     0  arm_startup_nrf52.o(.text)
    TIMER1_IRQHandler                        0x0001c4a7   Thumb Code     0  arm_startup_nrf52.o(.text)
    TIMER3_IRQHandler                        0x0001c4a7   Thumb Code     0  arm_startup_nrf52.o(.text)
    TIMER4_IRQHandler                        0x0001c4a7   Thumb Code     0  arm_startup_nrf52.o(.text)
    WDT_IRQHandler                           0x0001c4a7   Thumb Code     0  arm_startup_nrf52.o(.text)
    __aeabi_memcpy                           0x0001c4b1   Thumb Code    36  memcpya.o(.text)
    __aeabi_memcpy4                          0x0001c4b1   Thumb Code     0  memcpya.o(.text)
    __aeabi_memcpy8                          0x0001c4b1   Thumb Code     0  memcpya.o(.text)
    __aeabi_memset                           0x0001c4d5   Thumb Code    14  memseta.o(.text)
    __aeabi_memset4                          0x0001c4d5   Thumb Code     0  memseta.o(.text)
    __aeabi_memset8                          0x0001c4d5   Thumb Code     0  memseta.o(.text)
    __aeabi_memclr                           0x0001c4e3   Thumb Code     4  memseta.o(.text)
    __aeabi_memclr4                          0x0001c4e3   Thumb Code     0  memseta.o(.text)
    __aeabi_memclr8                          0x0001c4e3   Thumb Code     0  memseta.o(.text)
    _memset$wrapper                          0x0001c4e7   Thumb Code    18  memseta.o(.text)
    strcpy                                   0x0001c4f9   Thumb Code    18  strcpy.o(.text)
    __scatterload                            0x0001c50d   Thumb Code    28  init.o(.text)
    __scatterload_rt2                        0x0001c50d   Thumb Code     0  init.o(.text)
    GPIOTE_IRQHandler                        0x0001c531   Thumb Code   316  nrf_drv_gpiote.o(i.GPIOTE_IRQHandler)
    LED_init                                 0x0001c679   Thumb Code    72  main.o(i.LED_init)
    RTC1_IRQHandler                          0x0001c729   Thumb Code    32  app_timer.o(i.RTC1_IRQHandler)
    SEGGER_RTT_ConfigDownBuffer              0x0001c74d   Thumb Code    74  segger_rtt.o(i.SEGGER_RTT_ConfigDownBuffer)
    SEGGER_RTT_ConfigUpBuffer                0x0001c79d   Thumb Code    74  segger_rtt.o(i.SEGGER_RTT_ConfigUpBuffer)
    SEGGER_RTT_Write                         0x0001c7ed   Thumb Code    32  segger_rtt.o(i.SEGGER_RTT_Write)
    SEGGER_RTT_WriteNoLock                   0x0001c811   Thumb Code    86  segger_rtt.o(i.SEGGER_RTT_WriteNoLock)
    SEGGER_RTT_printf                        0x0001c86d   Thumb Code    22  segger_rtt_printf.o(i.SEGGER_RTT_printf)
    SEGGER_RTT_vprintf                       0x0001c883   Thumb Code   406  segger_rtt_printf.o(i.SEGGER_RTT_vprintf)
    SWI0_EGU0_IRQHandler                     0x0001ca19   Thumb Code     4  app_timer.o(i.SWI0_EGU0_IRQHandler)
    SWI2_EGU2_IRQHandler                     0x0001ca1d   Thumb Code    32  softdevice_handler.o(i.SWI2_EGU2_IRQHandler)
    SystemInit                               0x0001ca41   Thumb Code   566  system_nrf52.o(i.SystemInit)
    TIMER2_IRQHandler                        0x0001ccad   Thumb Code    80  main.o(i.TIMER2_IRQHandler)
    UARTE0_UART0_IRQHandler                  0x0001cd09   Thumb Code    14  nrf_drv_uart.o(i.UARTE0_UART0_IRQHandler)
    __scatterload_copy                       0x0001d00f   Thumb Code    14  handlers.o(i.__scatterload_copy)
    __scatterload_null                       0x0001d01d   Thumb Code     2  handlers.o(i.__scatterload_null)
    __scatterload_zeroinit                   0x0001d01f   Thumb Code    14  handlers.o(i.__scatterload_zeroinit)
    adv_data_encode                          0x0001d02d   Thumb Code   514  ble_advdata.o(i.adv_data_encode)
    app_button_enable                        0x0001d2ad   Thumb Code    32  app_button.o(i.app_button_enable)
    app_button_init                          0x0001d2d1   Thumb Code    96  app_button.o(i.app_button_init)
    app_error_fault_handler                  0x0001d341   Thumb Code    26  app_error_weak.o(i.app_error_fault_handler)
    app_error_handler_bare                   0x0001d365   Thumb Code    22  app_error.o(i.app_error_handler_bare)
    app_timer_create                         0x0001d37d   Thumb Code    32  app_timer.o(i.app_timer_create)
    app_timer_init                           0x0001d3a1   Thumb Code   134  app_timer.o(i.app_timer_init)
    app_timer_start                          0x0001d431   Thumb Code   118  app_timer.o(i.app_timer_start)
    app_timer_stop                           0x0001d4b1   Thumb Code    76  app_timer.o(i.app_timer_stop)
    ble_advdata_set                          0x0001d501   Thumb Code   104  ble_advdata.o(i.ble_advdata_set)
    bsp_event_to_button_action_assign        0x0001d6dd   Thumb Code    64  bsp.o(i.bsp_event_to_button_action_assign)
    bsp_indication_set                       0x0001d721   Thumb Code    20  bsp.o(i.bsp_indication_set)
    bsp_init                                 0x0001d739   Thumb Code   140  bsp.o(i.bsp_init)
    intern_softdevice_events_execute         0x0001dca9   Thumb Code   106  softdevice_handler.o(i.intern_softdevice_events_execute)
    log_rtt_init                             0x0001df09   Thumb Code    54  nrf_log.o(i.log_rtt_init)
    log_rtt_printf                           0x0001df5d   Thumb Code    22  nrf_log.o(i.log_rtt_printf)
    main                                     0x0001df75   Thumb Code   218  main.o(i.main)
    nrf_drv_common_irq_enable                0x0001e169   Thumb Code    56  nrf_drv_common.o(i.nrf_drv_common_irq_enable)
    nrf_drv_gpiote_in_event_enable           0x0001e1a1   Thumb Code   150  nrf_drv_gpiote.o(i.nrf_drv_gpiote_in_event_enable)
    nrf_drv_gpiote_in_init                   0x0001e245   Thumb Code   170  nrf_drv_gpiote.o(i.nrf_drv_gpiote_in_init)
    nrf_drv_gpiote_in_is_set                 0x0001e2fd   Thumb Code    16  nrf_drv_gpiote.o(i.nrf_drv_gpiote_in_is_set)
    nrf_drv_gpiote_init                      0x0001e311   Thumb Code    76  nrf_drv_gpiote.o(i.nrf_drv_gpiote_init)
    nrf_drv_gpiote_is_init                   0x0001e365   Thumb Code    14  nrf_drv_gpiote.o(i.nrf_drv_gpiote_is_init)
    sd_check_ram_start                       0x0001e5b9   Thumb Code    44  softdevice_handler.o(i.sd_check_ram_start)
    softdevice_ble_evt_handler_set           0x0001e755   Thumb Code    14  softdevice_handler.o(i.softdevice_ble_evt_handler_set)
    softdevice_enable                        0x0001e769   Thumb Code    84  softdevice_handler.o(i.softdevice_enable)
    softdevice_enable_get_default_config     0x0001e865   Thumb Code    38  softdevice_handler.o(i.softdevice_enable_get_default_config)
    softdevice_fault_handler                 0x0001e88b   Thumb Code     4  softdevice_handler.o(i.softdevice_fault_handler)
    softdevice_handler_init                  0x0001e891   Thumb Code    66  softdevice_handler.o(i.softdevice_handler_init)
    start_timer                              0x0001e8dd   Thumb Code    66  main.o(i.start_timer)
    Region$$Table$$Base                      0x0001ee48   Number         0  anon$$obj.o(Region$$Table)
    Region$$Table$$Limit                     0x0001ee68   Number         0  anon$$obj.o(Region$$Table)
    Image$$RW_IRAM1$$Base                    0x20001870   Number         0  anon$$obj.o ABSOLUTE
    ready_scan                               0x20001870   Data           1  main.o(.data)
    ready_trans                              0x20001871   Data           1  main.o(.data)
    p_data                                   0x20001874   Data           4  main.o(.data)
    length                                   0x20001878   Data           4  main.o(.data)
    adv_data                                 0x2000187c   Data           8  main.o(.data)
    SystemCoreClock                          0x200018b4   Data           4  system_nrf52.o(.data)
    manuf_specific_data                      0x20001b14   Data          12  main.o(.bss)
    advdata                                  0x20001b20   Data          56  main.o(.bss)
    _SEGGER_RTT                              0x200024a0   Data         120  segger_rtt.o(.bss)
    nrf_nvic_state                           0x20002518   Data          12  softdevice_handler.o(.bss)
    __initial_sp                             0x20004528   Data           0  arm_startup_nrf52.o(STACK)



==============================================================================

Memory Map of the image

  Image Entry point : 0x0001c401

  Load Region LR_IROM1 (Base: 0x0001c000, Size: 0x00002efc, Max: 0x00064000, ABSOLUTE)

    Execution Region ER_IROM1 (Base: 0x0001c000, Size: 0x00002e68, Max: 0x00064000, ABSOLUTE)

    Base Addr    Size         Type   Attr      Idx    E Section Name        Object

    0x0001c000   0x00000400   Data   RO          402    RESET               arm_startup_nrf52.o
    0x0001c400   0x00000000   Code   RO         2032  * .ARM.Collect$$$$00000000  mc_w.l(entry.o)
    0x0001c400   0x00000004   Code   RO         2052    .ARM.Collect$$$$00000001  mc_w.l(entry2.o)
    0x0001c404   0x00000004   Code   RO         2055    .ARM.Collect$$$$00000004  mc_w.l(entry5.o)
    0x0001c408   0x00000000   Code   RO         2057    .ARM.Collect$$$$00000008  mc_w.l(entry7b.o)
    0x0001c408   0x00000000   Code   RO         2059    .ARM.Collect$$$$0000000A  mc_w.l(entry8b.o)
    0x0001c408   0x00000008   Code   RO         2060    .ARM.Collect$$$$0000000B  mc_w.l(entry9a.o)
    0x0001c410   0x00000000   Code   RO         2062    .ARM.Collect$$$$0000000D  mc_w.l(entry10a.o)
    0x0001c410   0x00000000   Code   RO         2064    .ARM.Collect$$$$0000000F  mc_w.l(entry11a.o)
    0x0001c410   0x00000004   Code   RO         2053    .ARM.Collect$$$$00002712  mc_w.l(entry2.o)
    0x0001c414   0x00000076   Code   RO         1341    .emb_text           app_timer.o
    0x0001c48a   0x00000002   PAD
    0x0001c48c   0x00000024   Code   RO          403    .text               arm_startup_nrf52.o
    0x0001c4b0   0x00000024   Code   RO         2040    .text               mc_w.l(memcpya.o)
    0x0001c4d4   0x00000024   Code   RO         2042    .text               mc_w.l(memseta.o)
    0x0001c4f8   0x00000012   Code   RO         2048    .text               mc_w.l(strcpy.o)
    0x0001c50a   0x00000002   PAD
    0x0001c50c   0x00000024   Code   RO         2068    .text               mc_w.l(init.o)
    0x0001c530   0x00000148   Code   RO          818    i.GPIOTE_IRQHandler  nrf_drv_gpiote.o
    0x0001c678   0x0000004c   Code   RO            5    i.LED_init          main.o
    0x0001c6c4   0x00000016   Code   RO         1342    i.NVIC_ClearPendingIRQ  app_timer.o
    0x0001c6da   0x00000016   Code   RO         1343    i.NVIC_EnableIRQ    app_timer.o
    0x0001c6f0   0x00000016   Code   RO         1344    i.NVIC_SetPendingIRQ  app_timer.o
    0x0001c706   0x00000020   Code   RO         1345    i.NVIC_SetPriority  app_timer.o
    0x0001c726   0x00000002   PAD
    0x0001c728   0x00000024   Code   RO         1346    i.RTC1_IRQHandler   app_timer.o
    0x0001c74c   0x00000050   Code   RO         1751    i.SEGGER_RTT_ConfigDownBuffer  segger_rtt.o
    0x0001c79c   0x00000050   Code   RO         1752    i.SEGGER_RTT_ConfigUpBuffer  segger_rtt.o
    0x0001c7ec   0x00000024   Code   RO         1764    i.SEGGER_RTT_Write  segger_rtt.o
    0x0001c810   0x0000005c   Code   RO         1765    i.SEGGER_RTT_WriteNoLock  segger_rtt.o
    0x0001c86c   0x00000016   Code   RO         1889    i.SEGGER_RTT_printf  segger_rtt_printf.o
    0x0001c882   0x00000196   Code   RO         1890    i.SEGGER_RTT_vprintf  segger_rtt_printf.o
    0x0001ca18   0x00000004   Code   RO         1347    i.SWI0_EGU0_IRQHandler  app_timer.o
    0x0001ca1c   0x00000024   Code   RO         1926    i.SWI2_EGU2_IRQHandler  softdevice_handler.o
    0x0001ca40   0x0000026c   Code   RO          411    i.SystemInit        system_nrf52.o
    0x0001ccac   0x0000005c   Code   RO            6    i.TIMER2_IRQHandler  main.o
    0x0001cd08   0x00000014   Code   RO         1017    i.UARTE0_UART0_IRQHandler  nrf_drv_uart.o
    0x0001cd1c   0x00000068   Code   RO         1768    i._DoInit           segger_rtt.o
    0x0001cd84   0x00000016   Code   RO         1769    i._GetAvailWriteSpace  segger_rtt.o
    0x0001cd9a   0x00000002   PAD
    0x0001cd9c   0x000000c6   Code   RO         1891    i._PrintInt         segger_rtt_printf.o
    0x0001ce62   0x00000002   PAD
    0x0001ce64   0x000000d4   Code   RO         1892    i._PrintUnsigned    segger_rtt_printf.o
    0x0001cf38   0x0000003e   Code   RO         1893    i._StoreChar        segger_rtt_printf.o
    0x0001cf76   0x0000005a   Code   RO         1771    i._WriteBlocking    segger_rtt.o
    0x0001cfd0   0x0000003e   Code   RO         1772    i._WriteNoCheck     segger_rtt.o
    0x0001d00e   0x0000000e   Code   RO         2072    i.__scatterload_copy  mc_w.l(handlers.o)
    0x0001d01c   0x00000002   Code   RO         2073    i.__scatterload_null  mc_w.l(handlers.o)
    0x0001d01e   0x0000000e   Code   RO         2074    i.__scatterload_zeroinit  mc_w.l(handlers.o)
    0x0001d02c   0x00000202   Code   RO          450    i.adv_data_encode   ble_advdata.o
    0x0001d22e   0x00000002   PAD
    0x0001d230   0x0000005c   Code   RO            7    i.advertising_init  main.o
    0x0001d28c   0x00000020   Code   RO          279    i.alert_timer_handler  bsp.o
    0x0001d2ac   0x00000024   Code   RO         1219    i.app_button_enable  app_button.o
    0x0001d2d0   0x00000070   Code   RO         1220    i.app_button_init   app_button.o
    0x0001d340   0x00000024   Code   RO         1317    i.app_error_fault_handler  app_error_weak.o
    0x0001d364   0x00000016   Code   RO         1278    i.app_error_handler_bare  app_error.o
    0x0001d37a   0x00000002   PAD
    0x0001d37c   0x00000024   Code   RO         1350    i.app_timer_create  app_timer.o
    0x0001d3a0   0x00000090   Code   RO         1351    i.app_timer_init    app_timer.o
    0x0001d430   0x00000080   Code   RO         1352    i.app_timer_start   app_timer.o
    0x0001d4b0   0x00000050   Code   RO         1353    i.app_timer_stop    app_timer.o
    0x0001d500   0x00000068   Code   RO          451    i.ble_advdata_set   ble_advdata.o
    0x0001d568   0x0000005e   Code   RO          452    i.ble_device_addr_encode  ble_advdata.o
    0x0001d5c6   0x00000004   Code   RO            9    i.ble_evt_dispatch  main.o
    0x0001d5ca   0x00000002   PAD
    0x0001d5cc   0x00000068   Code   RO           10    i.ble_stack_init    main.o
    0x0001d634   0x000000a8   Code   RO          280    i.bsp_button_event_handler  bsp.o
    0x0001d6dc   0x00000044   Code   RO          285    i.bsp_event_to_button_action_assign  bsp.o
    0x0001d720   0x00000018   Code   RO          286    i.bsp_indication_set  bsp.o
    0x0001d738   0x000000a4   Code   RO          288    i.bsp_init          bsp.o
    0x0001d7dc   0x00000224   Code   RO          289    i.bsp_led_indication  bsp.o
    0x0001da00   0x00000008   Code   RO          291    i.button_timer_handler  bsp.o
    0x0001da08   0x0000001c   Code   RO          819    i.channel_free      nrf_drv_gpiote.o
    0x0001da24   0x00000048   Code   RO          820    i.channel_port_alloc  nrf_drv_gpiote.o
    0x0001da6c   0x00000010   Code   RO          821    i.channel_port_get  nrf_drv_gpiote.o
    0x0001da7c   0x000000ac   Code   RO         1355    i.compare_reg_update  app_timer.o
    0x0001db28   0x00000088   Code   RO          453    i.conn_int_encode   ble_advdata.o
    0x0001dbb0   0x00000060   Code   RO         1222    i.detection_delay_timeout_handler  app_button.o
    0x0001dc10   0x00000040   Code   RO         1356    i.elapsed_ticks_acquire  app_timer.o
    0x0001dc50   0x00000058   Code   RO         1223    i.gpiote_event_handler  app_button.o
    0x0001dca8   0x00000070   Code   RO         1927    i.intern_softdevice_events_execute  softdevice_handler.o
    0x0001dd18   0x00000054   Code   RO          454    i.le_role_encode    ble_advdata.o
    0x0001dd6c   0x00000014   Code   RO          292    i.leds_timer_handler  bsp.o
    0x0001dd80   0x000000bc   Code   RO         1357    i.list_deletions_handler  app_timer.o
    0x0001de3c   0x000000cc   Code   RO         1358    i.list_insertions_handler  app_timer.o
    0x0001df08   0x00000054   Code   RO         1580    i.log_rtt_init      nrf_log.o
    0x0001df5c   0x00000016   Code   RO         1581    i.log_rtt_printf    nrf_log.o
    0x0001df72   0x00000002   PAD
    0x0001df74   0x000000f4   Code   RO           12    i.main              main.o
    0x0001e068   0x00000064   Code   RO          455    i.manuf_specific_data_encode  ble_advdata.o
    0x0001e0cc   0x0000009c   Code   RO          456    i.name_encode       ble_advdata.o
    0x0001e168   0x00000038   Code   RO          780    i.nrf_drv_common_irq_enable  nrf_drv_common.o
    0x0001e1a0   0x000000a4   Code   RO          824    i.nrf_drv_gpiote_in_event_enable  nrf_drv_gpiote.o
    0x0001e244   0x000000b8   Code   RO          825    i.nrf_drv_gpiote_in_init  nrf_drv_gpiote.o
    0x0001e2fc   0x00000014   Code   RO          826    i.nrf_drv_gpiote_in_is_set  nrf_drv_gpiote.o
    0x0001e310   0x00000054   Code   RO          828    i.nrf_drv_gpiote_init  nrf_drv_gpiote.o
    0x0001e364   0x00000014   Code   RO          829    i.nrf_drv_gpiote_is_init  nrf_drv_gpiote.o
    0x0001e378   0x00000022   Code   RO           13    i.nrf_gpio_cfg      main.o
    0x0001e39a   0x00000022   Code   RO          841    i.nrf_gpio_cfg      nrf_drv_gpiote.o
    0x0001e3bc   0x0000001c   Code   RO          843    i.nrf_gpio_cfg_sense_set  nrf_drv_gpiote.o
    0x0001e3d8   0x00000014   Code   RO          844    i.nrf_gpiote_event_clear  nrf_drv_gpiote.o
    0x0001e3ec   0x00000010   Code   RO          845    i.nrf_gpiote_event_is_set  nrf_drv_gpiote.o
    0x0001e3fc   0x0000000a   Code   RO         1036    i.nrf_uart_event_check  nrf_drv_uart.o
    0x0001e406   0x0000000c   Code   RO         1037    i.nrf_uart_int_enable_check  nrf_drv_uart.o
    0x0001e412   0x0000000a   Code   RO         1038    i.nrf_uarte_event_check  nrf_drv_uart.o
    0x0001e41c   0x00000048   Code   RO           14    i.on_adv_report     main.o
    0x0001e464   0x00000088   Code   RO           15    i.on_ble_evt        main.o
    0x0001e4ec   0x00000018   Code   RO          846    i.pin_in_use_by_port  nrf_drv_gpiote.o
    0x0001e504   0x00000018   Code   RO          847    i.pin_in_use_by_te  nrf_drv_gpiote.o
    0x0001e51c   0x00000010   Code   RO         1928    i.ram_end_address_get  softdevice_handler.o
    0x0001e52c   0x0000003c   Code   RO         1359    i.rtc1_stop         app_timer.o
    0x0001e568   0x00000030   Code   RO         1040    i.rx_byte           nrf_drv_uart.o
    0x0001e598   0x00000020   Code   RO         1041    i.rx_done_event     nrf_drv_uart.o
    0x0001e5b8   0x0000008c   Code   RO         1929    i.sd_check_ram_start  softdevice_handler.o
    0x0001e644   0x00000088   Code   RO         1930    i.sd_nvic_EnableIRQ  softdevice_handler.o
    0x0001e6cc   0x00000088   Code   RO          457    i.service_data_encode  ble_advdata.o
    0x0001e754   0x00000014   Code   RO         1931    i.softdevice_ble_evt_handler_set  softdevice_handler.o
    0x0001e768   0x000000fc   Code   RO         1932    i.softdevice_enable  softdevice_handler.o
    0x0001e864   0x00000026   Code   RO         1933    i.softdevice_enable_get_default_config  softdevice_handler.o
    0x0001e88a   0x00000004   Code   RO         1934    i.softdevice_fault_handler  softdevice_handler.o
    0x0001e88e   0x00000002   PAD
    0x0001e890   0x0000004c   Code   RO         1935    i.softdevice_handler_init  softdevice_handler.o
    0x0001e8dc   0x00000050   Code   RO           16    i.start_timer       main.o
    0x0001e92c   0x0000008c   Code   RO         1360    i.timer_list_handler  app_timer.o
    0x0001e9b8   0x0000003c   Code   RO         1361    i.timer_list_insert  app_timer.o
    0x0001e9f4   0x00000084   Code   RO         1362    i.timer_timeouts_check  app_timer.o
    0x0001ea78   0x00000024   Code   RO         1043    i.tx_byte           nrf_drv_uart.o
    0x0001ea9c   0x00000024   Code   RO         1044    i.tx_done_event     nrf_drv_uart.o
    0x0001eac0   0x00000108   Code   RO         1045    i.uart_irq_handler  nrf_drv_uart.o
    0x0001ebc8   0x000000d8   Code   RO         1046    i.uarte_irq_handler  nrf_drv_uart.o
    0x0001eca0   0x0000000a   Code   RO          458    i.uint16_encode     ble_advdata.o
    0x0001ecaa   0x0000003e   Code   RO         1363    i.user_id_get       app_timer.o
    0x0001ece8   0x00000028   Code   RO         1364    i.user_op_alloc     app_timer.o
    0x0001ed10   0x00000030   Code   RO          459    i.uuid_list_encode  ble_advdata.o
    0x0001ed40   0x0000009e   Code   RO          460    i.uuid_list_sized_encode  ble_advdata.o
    0x0001edde   0x00000002   PAD
    0x0001ede0   0x00000014   Data   RO           18    .constdata          main.o
    0x0001edf4   0x0000003c   Data   RO          297    .constdata          bsp.o
    0x0001ee30   0x00000008   Data   RO         1225    .constdata          app_button.o
    0x0001ee38   0x00000010   Data   RO         1894    .constdata          segger_rtt_printf.o
    0x0001ee48   0x00000020   Data   RO         2070    Region$$Table       anon$$obj.o


    Execution Region RW_IRAM1 (Base: 0x20001870, Size: 0x00002cb8, Max: 0x0000e790, ABSOLUTE)

    Base Addr    Size         Type   Attr      Idx    E Section Name        Object

    0x20001870   0x0000002b   Data   RW           19    .data               main.o
    0x2000189b   0x00000001   PAD
    0x2000189c   0x00000018   Data   RW          298    .data               bsp.o
    0x200018b4   0x00000004   Data   RW          412    .data               system_nrf52.o
    0x200018b8   0x00000014   Data   RW         1226    .data               app_button.o
    0x200018cc   0x00000020   Data   RW         1365    .data               app_timer.o
    0x200018ec   0x00000004   Data   RW         1586    .data               nrf_log.o
    0x200018f0   0x00000014   Data   RW         1940    .data               softdevice_handler.o
    0x20001904   0x0000026c   Zero   RW           17    .bss                main.o
    0x20001b70   0x00000020   Zero   RW          293    .bss                bsp.o
    0x20001b90   0x00000020   Zero   RW          294    .bss                bsp.o
    0x20001bb0   0x0000000c   Zero   RW          295    .bss                bsp.o
    0x20001bbc   0x00000020   Zero   RW          296    .bss                bsp.o
    0x20001bdc   0x00000058   Zero   RW          848    .bss                nrf_drv_gpiote.o
    0x20001c34   0x00000020   Zero   RW         1047    .bss                nrf_drv_uart.o
    0x20001c54   0x00000020   Zero   RW         1224    .bss                app_button.o
    0x20001c74   0x0000041b   Zero   RW         1585    .bss                nrf_log.o
    0x2000208f   0x00000001   PAD
    0x20002090   0x00000488   Zero   RW         1773    .bss                segger_rtt.o
    0x20002518   0x0000000c   Zero   RW         1939    .bss                softdevice_handler.o
    0x20002524   0x00000004   PAD
    0x20002528   0x00002000   Zero   RW          400    STACK               arm_startup_nrf52.o


==============================================================================

Image component sizes


      Code (inc. data)   RO Data    RW Data    ZI Data      Debug   Object Name

       332         34          8         20         32       6934   app_button.o
        22          0          0          0          0       2269   app_error.o
        36         10          0          0          0        782   app_error_weak.o
      1766         94          0         32          0      60067   app_timer.o
        36          8       1024          0       8192       1000   arm_startup_nrf52.o
      1540          0          0          0          0      20792   ble_advdata.o
      1032         92         60         24        108      13144   bsp.o
       934        130         20         43        620     130975   main.o
        56          0          0          0          0      29095   nrf_drv_common.o
      1062         92          0          0         88      24924   nrf_drv_gpiote.o
       684         56          0          0         32      21456   nrf_drv_uart.o
       106         30          0          4       1051       4693   nrf_log.o
       566         50          0          0       1160      11494   segger_rtt.o
       900          6         16          0          0       6609   segger_rtt_printf.o
       830        298          0         20         12      40880   softdevice_handler.o
       620         54          0          4          0      29538   system_nrf52.o

    ----------------------------------------------------------------------
     10542        954       1160        148      11300     404652   Object Totals
         0          0         32          0          0          0   (incl. Generated)
        20          0          0          1          5          0   (incl. Padding)

    ----------------------------------------------------------------------

      Code (inc. data)   RO Data    RW Data    ZI Data      Debug   Library Member Name

         0          0          0          0          0          0   entry.o
         0          0          0          0          0          0   entry10a.o
         0          0          0          0          0          0   entry11a.o
         8          4          0          0          0          0   entry2.o
         4          0          0          0          0          0   entry5.o
         0          0          0          0          0          0   entry7b.o
         0          0          0          0          0          0   entry8b.o
         8          4          0          0          0          0   entry9a.o
        30          0          0          0          0          0   handlers.o
        36          8          0          0          0         68   init.o
        36          0          0          0          0         68   memcpya.o
        36          0          0          0          0        108   memseta.o
        18          0          0          0          0         68   strcpy.o

    ----------------------------------------------------------------------
       178         16          0          0          0        312   Library Totals
         2          0          0          0          0          0   (incl. Padding)

    ----------------------------------------------------------------------

      Code (inc. data)   RO Data    RW Data    ZI Data      Debug   Library Name

       176         16          0          0          0        312   mc_w.l

    ----------------------------------------------------------------------
       178         16          0          0          0        312   Library Totals

    ----------------------------------------------------------------------

==============================================================================


      Code (inc. data)   RO Data    RW Data    ZI Data      Debug   

     10720        970       1160        148      11300     394764   Grand Totals
     10720        970       1160        148      11300     394764   ELF Image Totals
     10720        970       1160        148          0          0   ROM Totals

==============================================================================

    Total RO  Size (Code + RO Data)                11880 (  11.60kB)
    Total RW  Size (RW Data + ZI Data)             11448 (  11.18kB)
    Total ROM Size (Code + RO Data + RW Data)      12028 (  11.75kB)

==============================================================================

