<html>
<body>
<pre>
<h1>µVision Build Log</h1>
<h2>Tool Versions:</h2>
IDE-Version: µVision V5.21.1.0
Copyright (C) 2016 ARM Ltd and ARM Germany GmbH. All rights reserved.
License Information: akshay dhenge, parkUrbn, LIC=----
 
Tool Versions:
Toolchain:       MDK-Lite  Version: 5.21a
Toolchain Path:  C:\Keil_v5\ARM\ARMCC\Bin
C Compiler:      Armcc.exe V5.06 update 3 (build 300)
Assembler:       Armasm.exe V5.06 update 3 (build 300)
Linker/Locator:  ArmLink.exe V5.06 update 3 (build 300)
Library Manager: ArmAr.exe V5.06 update 3 (build 300)
Hex Converter:   FromElf.exe V5.06 update 3 (build 300)
CPU DLL:         
Dialog DLL:      
Target DLL:      Segger\JL2CM3.dll V2.99.23.0
Dialog DLL:      TCM.DLL V1.14.14.0
 
<h2>Project:</h2>
C:\Users\akshay\Documents\college work\parkurbn\NRF files\New folder\examples\ble_peripheral\node _Communication - UrbnCopy 2\pca10040\s132\arm4\ble_app_beacon_s132_pca10040.uvproj
Project File Date:  10/29/2016

<h2>Output:</h2>
*** Using Compiler 'V5.06 update 3 (build 300)', folder: 'C:\Keil_v5\ARM\ARMCC\Bin'
Rebuild target 'nrf52832_xxaa_s132'
assembling arm_startup_nrf52.s...
compiling bsp.c...
compiling system_nrf52.c...
compiling main.c...
..\..\..\main.c(226): warning:  #177-D: variable "err_code" was declared but never referenced
      uint32_t err_code;
..\..\..\main.c(228): warning:  #177-D: variable "do_connect" was declared but never referenced
      bool     do_connect = false;
..\..\..\main.c(230): warning:  #177-D: variable "dev_name" was declared but never referenced
      data_t   dev_name;
..\..\..\main.c(235): warning:  #177-D: variable "peer_addr" was declared but never referenced
      const ble_gap_addr_t * const peer_addr  = &p_gap_evt->params.adv_report.peer_addr;
..\..\..\main.c(341): warning:  #177-D: variable "err_code" was declared but never referenced
              uint32_t err_code;
..\..\..\main.c(608): warning:  #177-D: function "gpio_init" was declared but never referenced
  static void gpio_init(void)
..\..\..\main.c(632): warning:  #177-D: function "power_manage" was declared but never referenced
  static void power_manage(void)
..\..\..\main.c: 7 warnings, 0 errors
compiling ble_srv_common.c...
compiling ble_conn_params.c...
compiling ble_advdata.c...
compiling nrf_delay.c...
compiling app_uart.c...
compiling nrf_drv_common.c...
compiling nrf_drv_gpiote.c...
compiling app_button.c...
compiling nrf_drv_uart.c...
compiling app_error_weak.c...
compiling app_error.c...
compiling app_timer.c...
compiling app_util_platform.c...
compiling nrf_assert.c...
compiling nrf_log.c...
compiling retarget.c...
compiling RTT_Syscalls_KEIL.c...
compiling SEGGER_RTT_printf.c...
compiling SEGGER_RTT.c...
compiling softdevice_handler.c...
linking...
Program Size: Code=10720 RO-data=1160 RW-data=148 ZI-data=11300  
FromELF: creating hex file...
".\_build\nrf52832_xxaa_s132.axf" - 0 Error(s), 7 Warning(s).
Build Time Elapsed:  00:00:26
</pre>
</body>
</html>
